Archive member included to satisfy reference by file (symbol)

e:/programy/stm32cubeide_1.3.0/stm32cubeide/plugins/com.st.stm32cube.ide.mcu.externaltools.gnu-tools-for-stm32.7-2018-q2-update.win32_1.5.0.202011040924/tools/bin/../lib/gcc/arm-none-eabi/7.3.1/../../../../arm-none-eabi/lib/thumb/v7e-m/fpv5/hard\libc_nano.a(lib_a-errno.o)
                              Core/Src/syscalls.o (__errno)
e:/programy/stm32cubeide_1.3.0/stm32cubeide/plugins/com.st.stm32cube.ide.mcu.externaltools.gnu-tools-for-stm32.7-2018-q2-update.win32_1.5.0.202011040924/tools/bin/../lib/gcc/arm-none-eabi/7.3.1/../../../../arm-none-eabi/lib/thumb/v7e-m/fpv5/hard\libc_nano.a(lib_a-exit.o)
                              e:/programy/stm32cubeide_1.3.0/stm32cubeide/plugins/com.st.stm32cube.ide.mcu.externaltools.gnu-tools-for-stm32.7-2018-q2-update.win32_1.5.0.202011040924/tools/bin/../lib/gcc/arm-none-eabi/7.3.1/../../../../arm-none-eabi/lib/thumb/v7e-m/fpv5/hard/crt0.o (exit)
e:/programy/stm32cubeide_1.3.0/stm32cubeide/plugins/com.st.stm32cube.ide.mcu.externaltools.gnu-tools-for-stm32.7-2018-q2-update.win32_1.5.0.202011040924/tools/bin/../lib/gcc/arm-none-eabi/7.3.1/../../../../arm-none-eabi/lib/thumb/v7e-m/fpv5/hard\libc_nano.a(lib_a-impure.o)
                              e:/programy/stm32cubeide_1.3.0/stm32cubeide/plugins/com.st.stm32cube.ide.mcu.externaltools.gnu-tools-for-stm32.7-2018-q2-update.win32_1.5.0.202011040924/tools/bin/../lib/gcc/arm-none-eabi/7.3.1/../../../../arm-none-eabi/lib/thumb/v7e-m/fpv5/hard\libc_nano.a(lib_a-exit.o) (_global_impure_ptr)
e:/programy/stm32cubeide_1.3.0/stm32cubeide/plugins/com.st.stm32cube.ide.mcu.externaltools.gnu-tools-for-stm32.7-2018-q2-update.win32_1.5.0.202011040924/tools/bin/../lib/gcc/arm-none-eabi/7.3.1/../../../../arm-none-eabi/lib/thumb/v7e-m/fpv5/hard\libc_nano.a(lib_a-init.o)
                              e:/programy/stm32cubeide_1.3.0/stm32cubeide/plugins/com.st.stm32cube.ide.mcu.externaltools.gnu-tools-for-stm32.7-2018-q2-update.win32_1.5.0.202011040924/tools/bin/../lib/gcc/arm-none-eabi/7.3.1/../../../../arm-none-eabi/lib/thumb/v7e-m/fpv5/hard/crt0.o (__libc_init_array)
e:/programy/stm32cubeide_1.3.0/stm32cubeide/plugins/com.st.stm32cube.ide.mcu.externaltools.gnu-tools-for-stm32.7-2018-q2-update.win32_1.5.0.202011040924/tools/bin/../lib/gcc/arm-none-eabi/7.3.1/../../../../arm-none-eabi/lib/thumb/v7e-m/fpv5/hard\libc_nano.a(lib_a-malloc.o)
                              Middlewares/ST/STM32_USB_Device_Library/Class/CDC/Src/usbd_cdc.o (malloc)
e:/programy/stm32cubeide_1.3.0/stm32cubeide/plugins/com.st.stm32cube.ide.mcu.externaltools.gnu-tools-for-stm32.7-2018-q2-update.win32_1.5.0.202011040924/tools/bin/../lib/gcc/arm-none-eabi/7.3.1/../../../../arm-none-eabi/lib/thumb/v7e-m/fpv5/hard\libc_nano.a(lib_a-memset.o)
                              e:/programy/stm32cubeide_1.3.0/stm32cubeide/plugins/com.st.stm32cube.ide.mcu.externaltools.gnu-tools-for-stm32.7-2018-q2-update.win32_1.5.0.202011040924/tools/bin/../lib/gcc/arm-none-eabi/7.3.1/../../../../arm-none-eabi/lib/thumb/v7e-m/fpv5/hard/crt0.o (memset)
e:/programy/stm32cubeide_1.3.0/stm32cubeide/plugins/com.st.stm32cube.ide.mcu.externaltools.gnu-tools-for-stm32.7-2018-q2-update.win32_1.5.0.202011040924/tools/bin/../lib/gcc/arm-none-eabi/7.3.1/../../../../arm-none-eabi/lib/thumb/v7e-m/fpv5/hard\libc_nano.a(lib_a-nano-freer.o)
                              e:/programy/stm32cubeide_1.3.0/stm32cubeide/plugins/com.st.stm32cube.ide.mcu.externaltools.gnu-tools-for-stm32.7-2018-q2-update.win32_1.5.0.202011040924/tools/bin/../lib/gcc/arm-none-eabi/7.3.1/../../../../arm-none-eabi/lib/thumb/v7e-m/fpv5/hard\libc_nano.a(lib_a-malloc.o) (_free_r)
e:/programy/stm32cubeide_1.3.0/stm32cubeide/plugins/com.st.stm32cube.ide.mcu.externaltools.gnu-tools-for-stm32.7-2018-q2-update.win32_1.5.0.202011040924/tools/bin/../lib/gcc/arm-none-eabi/7.3.1/../../../../arm-none-eabi/lib/thumb/v7e-m/fpv5/hard\libc_nano.a(lib_a-nano-mallocr.o)
                              e:/programy/stm32cubeide_1.3.0/stm32cubeide/plugins/com.st.stm32cube.ide.mcu.externaltools.gnu-tools-for-stm32.7-2018-q2-update.win32_1.5.0.202011040924/tools/bin/../lib/gcc/arm-none-eabi/7.3.1/../../../../arm-none-eabi/lib/thumb/v7e-m/fpv5/hard\libc_nano.a(lib_a-malloc.o) (_malloc_r)
e:/programy/stm32cubeide_1.3.0/stm32cubeide/plugins/com.st.stm32cube.ide.mcu.externaltools.gnu-tools-for-stm32.7-2018-q2-update.win32_1.5.0.202011040924/tools/bin/../lib/gcc/arm-none-eabi/7.3.1/../../../../arm-none-eabi/lib/thumb/v7e-m/fpv5/hard\libc_nano.a(lib_a-sbrkr.o)
                              e:/programy/stm32cubeide_1.3.0/stm32cubeide/plugins/com.st.stm32cube.ide.mcu.externaltools.gnu-tools-for-stm32.7-2018-q2-update.win32_1.5.0.202011040924/tools/bin/../lib/gcc/arm-none-eabi/7.3.1/../../../../arm-none-eabi/lib/thumb/v7e-m/fpv5/hard\libc_nano.a(lib_a-nano-mallocr.o) (_sbrk_r)
[...]
Memory Configuration

Name             Origin             Length             Attributes
DTCMRAM          0x0000000020000000 0x0000000000020000 xrw
ITCMRAM          0x0000000000000000 0x0000000000010000 xrw
RAM_D1           0x0000000024000000 0x0000000000080000 xrw
RAM_D2           0x0000000030000000 0x0000000000048000 xrw
RAM_D3           0x0000000038000000 0x0000000000010000 xrw
FLASH            0x0000000008000000 0x0000000000200000 xr
*default*        0x0000000000000000 0xffffffffffffffff

Linker script and memory map

LOAD e:/programy/stm32cubeide_1.3.0/stm32cubeide/plugins/com.st.stm32cube.ide.mcu.externaltools.gnu-tools-for-stm32.7-2018-q2-update.win32_1.5.0.202011040924/tools/bin/../lib/gcc/arm-none-eabi/7.3.1/thumb/v7e-m/fpv5/hard/crti.o
LOAD e:/programy/stm32cubeide_1.3.0/stm32cubeide/plugins/com.st.stm32cube.ide.mcu.externaltools.gnu-tools-for-stm32.7-2018-q2-update.win32_1.5.0.202011040924/tools/bin/../lib/gcc/arm-none-eabi/7.3.1/thumb/v7e-m/fpv5/hard/crtbegin.o
LOAD e:/programy/stm32cubeide_1.3.0/stm32cubeide/plugins/com.st.stm32cube.ide.mcu.externaltools.gnu-tools-for-stm32.7-2018-q2-update.win32_1.5.0.202011040924/tools/bin/../lib/gcc/arm-none-eabi/7.3.1/../../../../arm-none-eabi/lib/thumb/v7e-m/fpv5/hard/crt0.o
LOAD Core/Src/main.o
LOAD Core/Src/stm32h7xx_hal_msp.o
LOAD Core/Src/stm32h7xx_it.o
LOAD Core/Src/syscalls.o
LOAD Core/Src/sysmem.o
LOAD Core/Src/system_stm32h7xx.o
LOAD Core/Startup/startup_stm32h743zitx.o
LOAD Drivers/STM32H7xx_HAL_Driver/Src/stm32h7xx_hal.o
LOAD Drivers/STM32H7xx_HAL_Driver/Src/stm32h7xx_hal_adc.o
LOAD Drivers/STM32H7xx_HAL_Driver/Src/stm32h7xx_hal_adc_ex.o
LOAD Drivers/STM32H7xx_HAL_Driver/Src/stm32h7xx_hal_cortex.o
LOAD Drivers/STM32H7xx_HAL_Driver/Src/stm32h7xx_hal_dma.o
LOAD Drivers/STM32H7xx_HAL_Driver/Src/stm32h7xx_hal_dma_ex.o
LOAD Drivers/STM32H7xx_HAL_Driver/Src/stm32h7xx_hal_eth.o
LOAD Drivers/STM32H7xx_HAL_Driver/Src/stm32h7xx_hal_eth_ex.o
LOAD Drivers/STM32H7xx_HAL_Driver/Src/stm32h7xx_hal_exti.o
LOAD Drivers/STM32H7xx_HAL_Driver/Src/stm32h7xx_hal_flash.o
LOAD Drivers/STM32H7xx_HAL_Driver/Src/stm32h7xx_hal_flash_ex.o
LOAD Drivers/STM32H7xx_HAL_Driver/Src/stm32h7xx_hal_gpio.o
LOAD Drivers/STM32H7xx_HAL_Driver/Src/stm32h7xx_hal_hsem.o
LOAD Drivers/STM32H7xx_HAL_Driver/Src/stm32h7xx_hal_i2c.o
LOAD Drivers/STM32H7xx_HAL_Driver/Src/stm32h7xx_hal_i2c_ex.o
LOAD Drivers/STM32H7xx_HAL_Driver/Src/stm32h7xx_hal_mdma.o
LOAD Drivers/STM32H7xx_HAL_Driver/Src/stm32h7xx_hal_pcd.o
LOAD Drivers/STM32H7xx_HAL_Driver/Src/stm32h7xx_hal_pcd_ex.o
LOAD Drivers/STM32H7xx_HAL_Driver/Src/stm32h7xx_hal_pwr.o
LOAD Drivers/STM32H7xx_HAL_Driver/Src/stm32h7xx_hal_pwr_ex.o
LOAD Drivers/STM32H7xx_HAL_Driver/Src/stm32h7xx_hal_rcc.o
LOAD Drivers/STM32H7xx_HAL_Driver/Src/stm32h7xx_hal_rcc_ex.o
LOAD Drivers/STM32H7xx_HAL_Driver/Src/stm32h7xx_hal_rtc.o
LOAD Drivers/STM32H7xx_HAL_Driver/Src/stm32h7xx_hal_rtc_ex.o
LOAD Drivers/STM32H7xx_HAL_Driver/Src/stm32h7xx_hal_tim.o
LOAD Drivers/STM32H7xx_HAL_Driver/Src/stm32h7xx_hal_tim_ex.o
LOAD Drivers/STM32H7xx_HAL_Driver/Src/stm32h7xx_hal_uart.o
LOAD Drivers/STM32H7xx_HAL_Driver/Src/stm32h7xx_hal_uart_ex.o
LOAD Drivers/STM32H7xx_HAL_Driver/Src/stm32h7xx_ll_usb.o
LOAD Middlewares/ST/STM32_USB_Device_Library/Class/CDC/Src/usbd_cdc.o
LOAD Middlewares/ST/STM32_USB_Device_Library/Core/Src/usbd_core.o
LOAD Middlewares/ST/STM32_USB_Device_Library/Core/Src/usbd_ctlreq.o
LOAD Middlewares/ST/STM32_USB_Device_Library/Core/Src/usbd_ioreq.o
LOAD USB_DEVICE/App/usb_device.o
LOAD USB_DEVICE/App/usbd_cdc_if.o
LOAD USB_DEVICE/App/usbd_desc.o
LOAD USB_DEVICE/Target/usbd_conf.o
START GROUP
LOAD e:/programy/stm32cubeide_1.3.0/stm32cubeide/plugins/com.st.stm32cube.ide.mcu.externaltools.gnu-tools-for-stm32.7-2018-q2-update.win32_1.5.0.202011040924/tools/bin/../lib/gcc/arm-none-eabi/7.3.1/../../../../arm-none-eabi/lib/thumb/v7e-m/fpv5/hard\libc_nano.a
LOAD e:/programy/stm32cubeide_1.3.0/stm32cubeide/plugins/com.st.stm32cube.ide.mcu.externaltools.gnu-tools-for-stm32.7-2018-q2-update.win32_1.5.0.202011040924/tools/bin/../lib/gcc/arm-none-eabi/7.3.1/../../../../arm-none-eabi/lib/thumb/v7e-m/fpv5/hard\libm.a
END GROUP
START GROUP
LOAD e:/programy/stm32cubeide_1.3.0/stm32cubeide/plugins/com.st.stm32cube.ide.mcu.externaltools.gnu-tools-for-stm32.7-2018-q2-update.win32_1.5.0.202011040924/tools/bin/../lib/gcc/arm-none-eabi/7.3.1/thumb/v7e-m/fpv5/hard\libgcc.a
LOAD e:/programy/stm32cubeide_1.3.0/stm32cubeide/plugins/com.st.stm32cube.ide.mcu.externaltools.gnu-tools-for-stm32.7-2018-q2-update.win32_1.5.0.202011040924/tools/bin/../lib/gcc/arm-none-eabi/7.3.1/../../../../arm-none-eabi/lib/thumb/v7e-m/fpv5/hard\libc_nano.a
END GROUP
START GROUP
LOAD e:/programy/stm32cubeide_1.3.0/stm32cubeide/plugins/com.st.stm32cube.ide.mcu.externaltools.gnu-tools-for-stm32.7-2018-q2-update.win32_1.5.0.202011040924/tools/bin/../lib/gcc/arm-none-eabi/7.3.1/thumb/v7e-m/fpv5/hard\libgcc.a
LOAD e:/programy/stm32cubeide_1.3.0/stm32cubeide/plugins/com.st.stm32cube.ide.mcu.externaltools.gnu-tools-for-stm32.7-2018-q2-update.win32_1.5.0.202011040924/tools/bin/../lib/gcc/arm-none-eabi/7.3.1/../../../../arm-none-eabi/lib/thumb/v7e-m/fpv5/hard\libc_nano.a
LOAD e:/programy/stm32cubeide_1.3.0/stm32cubeide/plugins/com.st.stm32cube.ide.mcu.externaltools.gnu-tools-for-stm32.7-2018-q2-update.win32_1.5.0.202011040924/tools/bin/../lib/gcc/arm-none-eabi/7.3.1/../../../../arm-none-eabi/lib/thumb/v7e-m/fpv5/hard\libnosys.a
END GROUP
START GROUP
LOAD e:/programy/stm32cubeide_1.3.0/stm32cubeide/plugins/com.st.stm32cube.ide.mcu.externaltools.gnu-tools-for-stm32.7-2018-q2-update.win32_1.5.0.202011040924/tools/bin/../lib/gcc/arm-none-eabi/7.3.1/thumb/v7e-m/fpv5/hard\libgcc.a
LOAD e:/programy/stm32cubeide_1.3.0/stm32cubeide/plugins/com.st.stm32cube.ide.mcu.externaltools.gnu-tools-for-stm32.7-2018-q2-update.win32_1.5.0.202011040924/tools/bin/../lib/gcc/arm-none-eabi/7.3.1/../../../../arm-none-eabi/lib/thumb/v7e-m/fpv5/hard\libc_nano.a
LOAD e:/programy/stm32cubeide_1.3.0/stm32cubeide/plugins/com.st.stm32cube.ide.mcu.externaltools.gnu-tools-for-stm32.7-2018-q2-update.win32_1.5.0.202011040924/tools/bin/../lib/gcc/arm-none-eabi/7.3.1/../../../../arm-none-eabi/lib/thumb/v7e-m/fpv5/hard\libnosys.a
END GROUP
LOAD e:/programy/stm32cubeide_1.3.0/stm32cubeide/plugins/com.st.stm32cube.ide.mcu.externaltools.gnu-tools-for-stm32.7-2018-q2-update.win32_1.5.0.202011040924/tools/bin/../lib/gcc/arm-none-eabi/7.3.1/thumb/v7e-m/fpv5/hard/crtend.o
LOAD e:/programy/stm32cubeide_1.3.0/stm32cubeide/plugins/com.st.stm32cube.ide.mcu.externaltools.gnu-tools-for-stm32.7-2018-q2-update.win32_1.5.0.202011040924/tools/bin/../lib/gcc/arm-none-eabi/7.3.1/thumb/v7e-m/fpv5/hard/crtn.o
                0x0000000024080000                _estack = (ORIGIN (RAM_D1) + LENGTH (RAM_D1))
                0x0000000000000200                _Min_Heap_Size = 0x200
                0x0000000000000400                _Min_Stack_Size = 0x400

.isr_vector     0x0000000008000000      0x298
                0x0000000008000000                . = ALIGN (0x4)
 *(.isr_vector)
 .isr_vector    0x0000000008000000      0x298 Core/Startup/startup_stm32h743zitx.o
                0x0000000008000000                g_pfnVectors
                0x0000000008000298                . = ALIGN (0x4)

.text           0x00000000080002a0     0xfc8c
                0x00000000080002a0                . = ALIGN (0x4)
 *(.text)
 .text          0x00000000080002a0       0x40 e:/programy/stm32cubeide_1.3.0/stm32cubeide/plugins/com.st.stm32cube.ide.mcu.externaltools.gnu-tools-for-stm32.7-2018-q2-update.win32_1.5.0.202011040924/tools/bin/../lib/gcc/arm-none-eabi/7.3.1/thumb/v7e-m/fpv5/hard/crtbegin.o
 .text          0x00000000080002e0       0xa0 e:/programy/stm32cubeide_1.3.0/stm32cubeide/plugins/com.st.stm32cube.ide.mcu.externaltools.gnu-tools-for-stm32.7-2018-q2-update.win32_1.5.0.202011040924/tools/bin/../lib/gcc/arm-none-eabi/7.3.1/../../../../arm-none-eabi/lib/thumb/v7e-m/fpv5/hard\libc_nano.a(lib_a-memchr.o)
                0x00000000080002e0                memchr
 .text          0x0000000008000380       0x30 e:/programy/stm32cubeide_1.3.0/stm32cubeide/plugins/com.st.stm32cube.ide.mcu.externaltools.gnu-tools-for-stm32.7-2018-q2-update.win32_1.5.0.202011040924/tools/bin/../lib/gcc/arm-none-eabi/7.3.1/thumb/v7e-m/fpv5/hard\libgcc.a(_aeabi_uldivmod.o)
                0x0000000008000380                __aeabi_uldivmod
 .text          0x00000000080003b0      0x2cc e:/programy/stm32cubeide_1.3.0/stm32cubeide/plugins/com.st.stm32cube.ide.mcu.externaltools.gnu-tools-for-stm32.7-2018-q2-update.win32_1.5.0.202011040924/tools/bin/../lib/gcc/arm-none-eabi/7.3.1/thumb/v7e-m/fpv5/hard\libgcc.a(_udivmoddi4.o)
                0x00000000080003b0                __udivmoddi4
 .text          0x000000000800067c        0x4 e:/programy/stm32cubeide_1.3.0/stm32cubeide/plugins/com.st.stm32cube.ide.mcu.externaltools.gnu-tools-for-stm32.7-2018-q2-update.win32_1.5.0.202011040924/tools/bin/../lib/gcc/arm-none-eabi/7.3.1/thumb/v7e-m/fpv5/hard\libgcc.a(_dvmd_tls.o)
                0x000000000800067c                __aeabi_idiv0
                0x000000000800067c                __aeabi_ldiv0
 *(.text*)
 .text.main     0x0000000008000680       0xdc Core/Src/main.o
                0x0000000008000680                main
 .text.SystemClock_Config
                0x000000000800075c      0x1e8 Core/Src/main.o
                0x000000000800075c                SystemClock_Config
 .text.MX_ADC1_Init
                0x0000000008000944       0xf4 Core/Src/main.o
 .text.MX_ETH_Init
                0x0000000008000a38       0xa4 Core/Src/main.o
 .text.MX_RTC_Init
                0x0000000008000adc       0x50 Core/Src/main.o
 .text.MX_TIM16_Init
                0x0000000008000b2c       0x50 Core/Src/main.o
 .text.MX_USART3_UART_Init
                0x0000000008000b7c       0x98 Core/Src/main.o
 .text.MX_DMA_Init
                0x0000000008000c14       0x40 Core/Src/main.o
 .text.MX_GPIO_Init
                0x0000000008000c54      0x254 Core/Src/main.o
 .text.HAL_TIM_PeriodElapsedCallback
                0x0000000008000ea8       0x7c Core/Src/main.o
                0x0000000008000ea8                HAL_TIM_PeriodElapsedCallback
 .text.HAL_ADC_ConvCpltCallback
                0x0000000008000f24       0x8c Core/Src/main.o
                0x0000000008000f24                HAL_ADC_ConvCpltCallback
 .text.HAL_GPIO_EXTI_Callback
                0x0000000008000fb0       0x60 Core/Src/main.o
                0x0000000008000fb0                HAL_GPIO_EXTI_Callback
 .text.Error_Handler
                0x0000000008001010        0x8 Core/Src/main.o
                0x0000000008001010                Error_Handler
 .text.HAL_MspInit
                0x0000000008001018       0x34 Core/Src/stm32h7xx_hal_msp.o
                0x0000000008001018                HAL_MspInit
 .text.HAL_ADC_MspInit
                0x000000000800104c      0x104 Core/Src/stm32h7xx_hal_msp.o
                0x000000000800104c                HAL_ADC_MspInit
 .text.HAL_ETH_MspInit
                0x0000000008001150      0x19c Core/Src/stm32h7xx_hal_msp.o
                0x0000000008001150                HAL_ETH_MspInit
 .text.HAL_RTC_MspInit
                0x00000000080012ec       0x34 Core/Src/stm32h7xx_hal_msp.o
                0x00000000080012ec                HAL_RTC_MspInit
 .text.HAL_TIM_Base_MspInit
                0x0000000008001320       0x50 Core/Src/stm32h7xx_hal_msp.o
                0x0000000008001320                HAL_TIM_Base_MspInit
 .text.HAL_UART_MspInit
                0x0000000008001370       0x94 Core/Src/stm32h7xx_hal_msp.o
                0x0000000008001370                HAL_UART_MspInit
 .text.NMI_Handler
                0x0000000008001404        0x6 Core/Src/stm32h7xx_it.o
                0x0000000008001404                NMI_Handler
 .text.HardFault_Handler
                0x000000000800140a        0x6 Core/Src/stm32h7xx_it.o
                0x000000000800140a                HardFault_Handler
 .text.MemManage_Handler
                0x0000000008001410        0x6 Core/Src/stm32h7xx_it.o
                0x0000000008001410                MemManage_Handler
 .text.BusFault_Handler
                0x0000000008001416        0x6 Core/Src/stm32h7xx_it.o
                0x0000000008001416                BusFault_Handler
 .text.UsageFault_Handler
                0x000000000800141c        0x6 Core/Src/stm32h7xx_it.o
                0x000000000800141c                UsageFault_Handler
 .text.SVC_Handler
                0x0000000008001422        0xe Core/Src/stm32h7xx_it.o
                0x0000000008001422                SVC_Handler
 .text.DebugMon_Handler
                0x0000000008001430        0xe Core/Src/stm32h7xx_it.o
                0x0000000008001430                DebugMon_Handler
 .text.PendSV_Handler
                0x000000000800143e        0xe Core/Src/stm32h7xx_it.o
                0x000000000800143e                PendSV_Handler
 .text.SysTick_Handler
                0x000000000800144c        0xc Core/Src/stm32h7xx_it.o
                0x000000000800144c                SysTick_Handler
 .text.DMA1_Stream0_IRQHandler
                0x0000000008001458       0x14 Core/Src/stm32h7xx_it.o
                0x0000000008001458                DMA1_Stream0_IRQHandler
 .text.ADC_IRQHandler
                0x000000000800146c       0x14 Core/Src/stm32h7xx_it.o
                0x000000000800146c                ADC_IRQHandler
 .text.EXTI9_5_IRQHandler
                0x0000000008001480       0x10 Core/Src/stm32h7xx_it.o
                0x0000000008001480                EXTI9_5_IRQHandler
 .text.EXTI15_10_IRQHandler
                0x0000000008001490       0x18 Core/Src/stm32h7xx_it.o
                0x0000000008001490                EXTI15_10_IRQHandler
 .text.OTG_FS_IRQHandler
                0x00000000080014a8       0x14 Core/Src/stm32h7xx_it.o
                0x00000000080014a8                OTG_FS_IRQHandler
 .text.TIM16_IRQHandler
                0x00000000080014bc       0x14 Core/Src/stm32h7xx_it.o
                0x00000000080014bc                TIM16_IRQHandler
 .text._sbrk    0x00000000080014d0       0x6c Core/Src/sysmem.o
                0x00000000080014d0                _sbrk
 .text.SystemInit
                0x000000000800153c      0x118 Core/Src/system_stm32h7xx.o
                0x000000000800153c                SystemInit
 .text.Reset_Handler
                0x0000000008001654       0x50 Core/Startup/startup_stm32h743zitx.o
                0x0000000008001654                Reset_Handler
 .text.Default_Handler
                0x00000000080016a4        0x2 Core/Startup/startup_stm32h743zitx.o
                0x00000000080016a4                RTC_Alarm_IRQHandler
                0x00000000080016a4                EXTI2_IRQHandler
                0x00000000080016a4                TIM8_CC_IRQHandler
                0x00000000080016a4                HRTIM1_Master_IRQHandler
                0x00000000080016a4                UART8_IRQHandler
                0x00000000080016a4                SPI4_IRQHandler
                0x00000000080016a4                TIM1_CC_IRQHandler
                0x00000000080016a4                BDMA_Channel6_IRQHandler
                0x00000000080016a4                DMA2_Stream5_IRQHandler
                0x00000000080016a4                HRTIM1_FLT_IRQHandler
                0x00000000080016a4                JPEG_IRQHandler
                0x00000000080016a4                DMA1_Stream5_IRQHandler
                0x00000000080016a4                BDMA_Channel1_IRQHandler
                0x00000000080016a4                HRTIM1_TIMD_IRQHandler
                0x00000000080016a4                TAMP_STAMP_IRQHandler
                0x00000000080016a4                EXTI3_IRQHandler
                0x00000000080016a4                LPTIM4_IRQHandler
                0x00000000080016a4                TIM8_TRG_COM_TIM14_IRQHandler
                0x00000000080016a4                LPTIM2_IRQHandler
                0x00000000080016a4                DFSDM1_FLT1_IRQHandler
                0x00000000080016a4                DMAMUX2_OVR_IRQHandler
                0x00000000080016a4                TIM8_UP_TIM13_IRQHandler
                0x00000000080016a4                I2C3_ER_IRQHandler
                0x00000000080016a4                DFSDM1_FLT2_IRQHandler
                0x00000000080016a4                MDMA_IRQHandler
                0x00000000080016a4                LPTIM3_IRQHandler
                0x00000000080016a4                HSEM1_IRQHandler
                0x00000000080016a4                EXTI0_IRQHandler
                0x00000000080016a4                I2C2_EV_IRQHandler
                0x00000000080016a4                DMA1_Stream2_IRQHandler
                0x00000000080016a4                FPU_IRQHandler
                0x00000000080016a4                OTG_HS_WKUP_IRQHandler
                0x00000000080016a4                FDCAN1_IT1_IRQHandler
                0x00000000080016a4                LTDC_ER_IRQHandler
                0x00000000080016a4                DMA2_Stream2_IRQHandler
                0x00000000080016a4                HRTIM1_TIME_IRQHandler
                0x00000000080016a4                SPI1_IRQHandler
                0x00000000080016a4                TIM6_DAC_IRQHandler
                0x00000000080016a4                DCMI_IRQHandler
                0x00000000080016a4                HRTIM1_TIMC_IRQHandler
                0x00000000080016a4                DMA2_Stream3_IRQHandler
                0x00000000080016a4                SAI2_IRQHandler
                0x00000000080016a4                DFSDM1_FLT3_IRQHandler
                0x00000000080016a4                USART6_IRQHandler
                0x00000000080016a4                TIM17_IRQHandler
                0x00000000080016a4                USART3_IRQHandler
                0x00000000080016a4                BDMA_Channel7_IRQHandler
                0x00000000080016a4                LPTIM5_IRQHandler
                0x00000000080016a4                UART5_IRQHandler
                0x00000000080016a4                ADC3_IRQHandler
                0x00000000080016a4                DMA2_Stream0_IRQHandler
                0x00000000080016a4                TIM4_IRQHandler
                0x00000000080016a4                BDMA_Channel2_IRQHandler
                0x00000000080016a4                QUADSPI_IRQHandler
                0x00000000080016a4                I2C1_EV_IRQHandler
                0x00000000080016a4                DMA1_Stream6_IRQHandler
                0x00000000080016a4                DMAMUX1_OVR_IRQHandler
                0x00000000080016a4                DMA1_Stream1_IRQHandler
                0x00000000080016a4                UART4_IRQHandler
                0x00000000080016a4                BDMA_Channel5_IRQHandler
                0x00000000080016a4                TIM3_IRQHandler
                0x00000000080016a4                RCC_IRQHandler
                0x00000000080016a4                TIM8_BRK_TIM12_IRQHandler
                0x00000000080016a4                TIM1_TRG_COM_IRQHandler
                0x00000000080016a4                Default_Handler
                0x00000000080016a4                ECC_IRQHandler
                0x00000000080016a4                CEC_IRQHandler
                0x00000000080016a4                BDMA_Channel0_IRQHandler
                0x00000000080016a4                DMA1_Stream7_IRQHandler
                0x00000000080016a4                HRTIM1_TIMA_IRQHandler
                0x00000000080016a4                SPI5_IRQHandler
                0x00000000080016a4                TIM7_IRQHandler
                0x00000000080016a4                SDMMC1_IRQHandler
                0x00000000080016a4                TIM5_IRQHandler
                0x00000000080016a4                DMA2_Stream7_IRQHandler
                0x00000000080016a4                TIM15_IRQHandler
                0x00000000080016a4                PVD_AVD_IRQHandler
                0x00000000080016a4                I2C3_EV_IRQHandler
                0x00000000080016a4                RTC_WKUP_IRQHandler
                0x00000000080016a4                LTDC_IRQHandler
                0x00000000080016a4                SAI3_IRQHandler
                0x00000000080016a4                ETH_WKUP_IRQHandler
                0x00000000080016a4                SPDIF_RX_IRQHandler
                0x00000000080016a4                SPI2_IRQHandler
                0x00000000080016a4                OTG_HS_EP1_IN_IRQHandler
                0x00000000080016a4                CRS_IRQHandler
                0x00000000080016a4                EXTI4_IRQHandler
                0x00000000080016a4                RNG_IRQHandler
                0x00000000080016a4                HRTIM1_TIMB_IRQHandler
                0x00000000080016a4                FDCAN2_IT1_IRQHandler
                0x00000000080016a4                ETH_IRQHandler
                0x00000000080016a4                TIM1_UP_IRQHandler
                0x00000000080016a4                BDMA_Channel4_IRQHandler
                0x00000000080016a4                OTG_HS_EP1_OUT_IRQHandler
                0x00000000080016a4                WWDG_IRQHandler
                0x00000000080016a4                SPI6_IRQHandler
                0x00000000080016a4                MDIOS_IRQHandler
                0x00000000080016a4                I2C4_EV_IRQHandler
                0x00000000080016a4                FDCAN2_IT0_IRQHandler
                0x00000000080016a4                LPUART1_IRQHandler
                0x00000000080016a4                FDCAN1_IT0_IRQHandler
                0x00000000080016a4                TIM2_IRQHandler
                0x00000000080016a4                OTG_FS_WKUP_IRQHandler
                0x00000000080016a4                OTG_HS_IRQHandler
                0x00000000080016a4                DMA2D_IRQHandler
                0x00000000080016a4                TIM1_BRK_IRQHandler
                0x00000000080016a4                EXTI1_IRQHandler
                0x00000000080016a4                SDMMC2_IRQHandler
                0x00000000080016a4                OTG_FS_EP1_OUT_IRQHandler
                0x00000000080016a4                BDMA_Channel3_IRQHandler
                0x00000000080016a4                UART7_IRQHandler
                0x00000000080016a4                MDIOS_WKUP_IRQHandler
                0x00000000080016a4                USART2_IRQHandler
                0x00000000080016a4                DFSDM1_FLT0_IRQHandler
                0x00000000080016a4                SAI4_IRQHandler
                0x00000000080016a4                I2C2_ER_IRQHandler
                0x00000000080016a4                DMA2_Stream1_IRQHandler
                0x00000000080016a4                FLASH_IRQHandler
                0x00000000080016a4                DMA2_Stream4_IRQHandler
                0x00000000080016a4                USART1_IRQHandler
                0x00000000080016a4                SPI3_IRQHandler
                0x00000000080016a4                WAKEUP_PIN_IRQHandler
                0x00000000080016a4                DMA1_Stream4_IRQHandler
                0x00000000080016a4                OTG_FS_EP1_IN_IRQHandler
                0x00000000080016a4                I2C1_ER_IRQHandler
                0x00000000080016a4                FMC_IRQHandler
                0x00000000080016a4                FDCAN_CAL_IRQHandler
                0x00000000080016a4                SWPMI1_IRQHandler
                0x00000000080016a4                COMP1_IRQHandler
                0x00000000080016a4                LPTIM1_IRQHandler
                0x00000000080016a4                I2C4_ER_IRQHandler
                0x00000000080016a4                DMA2_Stream6_IRQHandler
                0x00000000080016a4                SAI1_IRQHandler
                0x00000000080016a4                DMA1_Stream3_IRQHandler
 *fill*         0x00000000080016a6        0x2 
 .text.HAL_Init
                0x00000000080016a8       0x78 Drivers/STM32H7xx_HAL_Driver/Src/stm32h7xx_hal.o
                0x00000000080016a8                HAL_Init
 .text.HAL_InitTick
                0x0000000008001720       0x6c Drivers/STM32H7xx_HAL_Driver/Src/stm32h7xx_hal.o
                0x0000000008001720                HAL_InitTick
 .text.HAL_IncTick
                0x000000000800178c       0x28 Drivers/STM32H7xx_HAL_Driver/Src/stm32h7xx_hal.o
                0x000000000800178c                HAL_IncTick
 .text.HAL_GetTick
                0x00000000080017b4       0x18 Drivers/STM32H7xx_HAL_Driver/Src/stm32h7xx_hal.o
                0x00000000080017b4                HAL_GetTick
 .text.HAL_Delay
                0x00000000080017cc       0x44 Drivers/STM32H7xx_HAL_Driver/Src/stm32h7xx_hal.o
                0x00000000080017cc                HAL_Delay
 .text.HAL_GetREVID
                0x0000000008001810       0x18 Drivers/STM32H7xx_HAL_Driver/Src/stm32h7xx_hal.o
                0x0000000008001810                HAL_GetREVID
 .text.HAL_SYSCFG_ETHInterfaceSelect
                0x0000000008001828       0x28 Drivers/STM32H7xx_HAL_Driver/Src/stm32h7xx_hal.o
                0x0000000008001828                HAL_SYSCFG_ETHInterfaceSelect
 .text.LL_ADC_SetCommonClock
                0x0000000008001850       0x26 Drivers/STM32H7xx_HAL_Driver/Src/stm32h7xx_hal_adc.o
 .text.LL_ADC_SetCommonPathInternalCh
                0x0000000008001876       0x26 Drivers/STM32H7xx_HAL_Driver/Src/stm32h7xx_hal_adc.o
 .text.LL_ADC_GetCommonPathInternalCh
                0x000000000800189c       0x1c Drivers/STM32H7xx_HAL_Driver/Src/stm32h7xx_hal_adc.o
 .text.LL_ADC_SetOffset
                0x00000000080018b8       0x40 Drivers/STM32H7xx_HAL_Driver/Src/stm32h7xx_hal_adc.o
 .text.LL_ADC_SetDataRightShift
                0x00000000080018f8       0x32 Drivers/STM32H7xx_HAL_Driver/Src/stm32h7xx_hal_adc.o
 .text.LL_ADC_SetOffsetSignedSaturation
                0x000000000800192a       0x36 Drivers/STM32H7xx_HAL_Driver/Src/stm32h7xx_hal_adc.o
 .text.LL_ADC_REG_IsTriggerSourceSWStart
                0x0000000008001960       0x26 Drivers/STM32H7xx_HAL_Driver/Src/stm32h7xx_hal_adc.o
 .text.LL_ADC_REG_SetSequencerRanks
                0x0000000008001986       0x58 Drivers/STM32H7xx_HAL_Driver/Src/stm32h7xx_hal_adc.o
 .text.LL_ADC_REG_SetDataTransferMode
                0x00000000080019de       0x26 Drivers/STM32H7xx_HAL_Driver/Src/stm32h7xx_hal_adc.o
 .text.LL_ADC_INJ_IsTriggerSourceSWStart
                0x0000000008001a04       0x26 Drivers/STM32H7xx_HAL_Driver/Src/stm32h7xx_hal_adc.o
 .text.LL_ADC_SetChannelSamplingTime
                0x0000000008001a2a       0x56 Drivers/STM32H7xx_HAL_Driver/Src/stm32h7xx_hal_adc.o
 .text.LL_ADC_SetChannelSingleDiff
                0x0000000008001a80       0x48 Drivers/STM32H7xx_HAL_Driver/Src/stm32h7xx_hal_adc.o
 .text.LL_ADC_GetMultimode
                0x0000000008001ac8       0x1c Drivers/STM32H7xx_HAL_Driver/Src/stm32h7xx_hal_adc.o
 .text.LL_ADC_GetMultiDMATransfer
                0x0000000008001ae4       0x1c Drivers/STM32H7xx_HAL_Driver/Src/stm32h7xx_hal_adc.o
 .text.LL_ADC_DisableDeepPowerDown
                0x0000000008001b00       0x24 Drivers/STM32H7xx_HAL_Driver/Src/stm32h7xx_hal_adc.o
 .text.LL_ADC_IsDeepPowerDownEnabled
                0x0000000008001b24       0x28 Drivers/STM32H7xx_HAL_Driver/Src/stm32h7xx_hal_adc.o
 .text.LL_ADC_EnableInternalRegulator
                0x0000000008001b4c       0x28 Drivers/STM32H7xx_HAL_Driver/Src/stm32h7xx_hal_adc.o
 .text.LL_ADC_IsInternalRegulatorEnabled
                0x0000000008001b74       0x28 Drivers/STM32H7xx_HAL_Driver/Src/stm32h7xx_hal_adc.o
 .text.LL_ADC_Enable
                0x0000000008001b9c       0x28 Drivers/STM32H7xx_HAL_Driver/Src/stm32h7xx_hal_adc.o
 .text.LL_ADC_Disable
                0x0000000008001bc4       0x28 Drivers/STM32H7xx_HAL_Driver/Src/stm32h7xx_hal_adc.o
 .text.LL_ADC_IsEnabled
                0x0000000008001bec       0x26 Drivers/STM32H7xx_HAL_Driver/Src/stm32h7xx_hal_adc.o
 .text.LL_ADC_IsDisableOngoing
                0x0000000008001c12       0x26 Drivers/STM32H7xx_HAL_Driver/Src/stm32h7xx_hal_adc.o
 .text.LL_ADC_REG_StartConversion
                0x0000000008001c38       0x28 Drivers/STM32H7xx_HAL_Driver/Src/stm32h7xx_hal_adc.o
 .text.LL_ADC_REG_IsConversionOngoing
                0x0000000008001c60       0x26 Drivers/STM32H7xx_HAL_Driver/Src/stm32h7xx_hal_adc.o
 .text.LL_ADC_INJ_IsConversionOngoing
                0x0000000008001c86       0x26 Drivers/STM32H7xx_HAL_Driver/Src/stm32h7xx_hal_adc.o
 .text.HAL_ADC_Init
                0x0000000008001cac      0x340 Drivers/STM32H7xx_HAL_Driver/Src/stm32h7xx_hal_adc.o
                0x0000000008001cac                HAL_ADC_Init
 .text.HAL_ADC_Start_DMA
                0x0000000008001fec      0x188 Drivers/STM32H7xx_HAL_Driver/Src/stm32h7xx_hal_adc.o
                0x0000000008001fec                HAL_ADC_Start_DMA
 .text.HAL_ADC_IRQHandler
                0x0000000008002174      0x474 Drivers/STM32H7xx_HAL_Driver/Src/stm32h7xx_hal_adc.o
                0x0000000008002174                HAL_ADC_IRQHandler
 .text.HAL_ADC_ConvHalfCpltCallback
                0x00000000080025e8       0x14 Drivers/STM32H7xx_HAL_Driver/Src/stm32h7xx_hal_adc.o
                0x00000000080025e8                HAL_ADC_ConvHalfCpltCallback
 .text.HAL_ADC_LevelOutOfWindowCallback
                0x00000000080025fc       0x14 Drivers/STM32H7xx_HAL_Driver/Src/stm32h7xx_hal_adc.o
                0x00000000080025fc                HAL_ADC_LevelOutOfWindowCallback
 .text.HAL_ADC_ErrorCallback
                0x0000000008002610       0x14 Drivers/STM32H7xx_HAL_Driver/Src/stm32h7xx_hal_adc.o
                0x0000000008002610                HAL_ADC_ErrorCallback
 .text.HAL_ADC_ConfigChannel
                0x0000000008002624      0x628 Drivers/STM32H7xx_HAL_Driver/Src/stm32h7xx_hal_adc.o
                0x0000000008002624                HAL_ADC_ConfigChannel
 .text.ADC_Enable
                0x0000000008002c4c      0x108 Drivers/STM32H7xx_HAL_Driver/Src/stm32h7xx_hal_adc.o
                0x0000000008002c4c                ADC_Enable
 .text.ADC_Disable
                0x0000000008002d54       0xb0 Drivers/STM32H7xx_HAL_Driver/Src/stm32h7xx_hal_adc.o
                0x0000000008002d54                ADC_Disable
 .text.ADC_DMAConvCplt
                0x0000000008002e04       0xd8 Drivers/STM32H7xx_HAL_Driver/Src/stm32h7xx_hal_adc.o
                0x0000000008002e04                ADC_DMAConvCplt
 .text.ADC_DMAHalfConvCplt
                0x0000000008002edc       0x1c Drivers/STM32H7xx_HAL_Driver/Src/stm32h7xx_hal_adc.o
                0x0000000008002edc                ADC_DMAHalfConvCplt
 .text.ADC_DMAError
                0x0000000008002ef8       0x34 Drivers/STM32H7xx_HAL_Driver/Src/stm32h7xx_hal_adc.o
                0x0000000008002ef8                ADC_DMAError
 .text.ADC_ConfigureBoostMode
                0x0000000008002f2c      0x1f0 Drivers/STM32H7xx_HAL_Driver/Src/stm32h7xx_hal_adc.o
                0x0000000008002f2c                ADC_ConfigureBoostMode
 .text.LL_ADC_IsEnabled
                0x000000000800311c       0x26 Drivers/STM32H7xx_HAL_Driver/Src/stm32h7xx_hal_adc_ex.o
 *fill*         0x0000000008003142        0x2 
 .text.LL_ADC_StartCalibration
                0x0000000008003144       0x3c Drivers/STM32H7xx_HAL_Driver/Src/stm32h7xx_hal_adc_ex.o
 .text.LL_ADC_IsCalibrationOnGoing
                0x0000000008003180       0x28 Drivers/STM32H7xx_HAL_Driver/Src/stm32h7xx_hal_adc_ex.o
 .text.LL_ADC_REG_IsConversionOngoing
                0x00000000080031a8       0x26 Drivers/STM32H7xx_HAL_Driver/Src/stm32h7xx_hal_adc_ex.o
 *fill*         0x00000000080031ce        0x2 
 .text.HAL_ADCEx_Calibration_Start
                0x00000000080031d0       0xc8 Drivers/STM32H7xx_HAL_Driver/Src/stm32h7xx_hal_adc_ex.o
                0x00000000080031d0                HAL_ADCEx_Calibration_Start
 .text.HAL_ADCEx_InjectedConvCpltCallback
                0x0000000008003298       0x14 Drivers/STM32H7xx_HAL_Driver/Src/stm32h7xx_hal_adc_ex.o
                0x0000000008003298                HAL_ADCEx_InjectedConvCpltCallback
 .text.HAL_ADCEx_InjectedQueueOverflowCallback
                0x00000000080032ac       0x14 Drivers/STM32H7xx_HAL_Driver/Src/stm32h7xx_hal_adc_ex.o
                0x00000000080032ac                HAL_ADCEx_InjectedQueueOverflowCallback
 .text.HAL_ADCEx_LevelOutOfWindow2Callback
                0x00000000080032c0       0x14 Drivers/STM32H7xx_HAL_Driver/Src/stm32h7xx_hal_adc_ex.o
                0x00000000080032c0                HAL_ADCEx_LevelOutOfWindow2Callback
 .text.HAL_ADCEx_LevelOutOfWindow3Callback
                0x00000000080032d4       0x14 Drivers/STM32H7xx_HAL_Driver/Src/stm32h7xx_hal_adc_ex.o
                0x00000000080032d4                HAL_ADCEx_LevelOutOfWindow3Callback
 .text.HAL_ADCEx_EndOfSamplingCallback
                0x00000000080032e8       0x14 Drivers/STM32H7xx_HAL_Driver/Src/stm32h7xx_hal_adc_ex.o
                0x00000000080032e8                HAL_ADCEx_EndOfSamplingCallback
 .text.HAL_ADCEx_MultiModeConfigChannel
                0x00000000080032fc      0x1b4 Drivers/STM32H7xx_HAL_Driver/Src/stm32h7xx_hal_adc_ex.o
                0x00000000080032fc                HAL_ADCEx_MultiModeConfigChannel
 .text.__NVIC_SetPriorityGrouping
                0x00000000080034b0       0x48 Drivers/STM32H7xx_HAL_Driver/Src/stm32h7xx_hal_cortex.o
 .text.__NVIC_GetPriorityGrouping
                0x00000000080034f8       0x1c Drivers/STM32H7xx_HAL_Driver/Src/stm32h7xx_hal_cortex.o
 .text.__NVIC_EnableIRQ
                0x0000000008003514       0x3c Drivers/STM32H7xx_HAL_Driver/Src/stm32h7xx_hal_cortex.o
 .text.__NVIC_SetPriority
                0x0000000008003550       0x54 Drivers/STM32H7xx_HAL_Driver/Src/stm32h7xx_hal_cortex.o
 .text.NVIC_EncodePriority
                0x00000000080035a4       0x66 Drivers/STM32H7xx_HAL_Driver/Src/stm32h7xx_hal_cortex.o
 *fill*         0x000000000800360a        0x2 
 .text.SysTick_Config
                0x000000000800360c       0x44 Drivers/STM32H7xx_HAL_Driver/Src/stm32h7xx_hal_cortex.o
 .text.HAL_NVIC_SetPriorityGrouping
                0x0000000008003650       0x16 Drivers/STM32H7xx_HAL_Driver/Src/stm32h7xx_hal_cortex.o
                0x0000000008003650                HAL_NVIC_SetPriorityGrouping
 .text.HAL_NVIC_SetPriority
                0x0000000008003666       0x34 Drivers/STM32H7xx_HAL_Driver/Src/stm32h7xx_hal_cortex.o
                0x0000000008003666                HAL_NVIC_SetPriority
 .text.HAL_NVIC_EnableIRQ
                0x000000000800369a       0x1c Drivers/STM32H7xx_HAL_Driver/Src/stm32h7xx_hal_cortex.o
                0x000000000800369a                HAL_NVIC_EnableIRQ
 .text.HAL_SYSTICK_Config
                0x00000000080036b6       0x18 Drivers/STM32H7xx_HAL_Driver/Src/stm32h7xx_hal_cortex.o
                0x00000000080036b6                HAL_SYSTICK_Config
 *fill*         0x00000000080036ce        0x2 
 .text.HAL_DMA_Init
                0x00000000080036d0      0x6b8 Drivers/STM32H7xx_HAL_Driver/Src/stm32h7xx_hal_dma.o
                0x00000000080036d0                HAL_DMA_Init
 .text.HAL_DMA_Start_IT
                0x0000000008003d88      0x4d4 Drivers/STM32H7xx_HAL_Driver/Src/stm32h7xx_hal_dma.o
                0x0000000008003d88                HAL_DMA_Start_IT
 .text.HAL_DMA_IRQHandler
                0x000000000800425c      0xe54 Drivers/STM32H7xx_HAL_Driver/Src/stm32h7xx_hal_dma.o
                0x000000000800425c                HAL_DMA_IRQHandler
 .text.DMA_SetConfig
                0x00000000080050b0      0x358 Drivers/STM32H7xx_HAL_Driver/Src/stm32h7xx_hal_dma.o
 .text.DMA_CalcBaseAndBitshift
                0x0000000008005408      0x164 Drivers/STM32H7xx_HAL_Driver/Src/stm32h7xx_hal_dma.o
 .text.DMA_CheckFifoParam
                0x000000000800556c       0xf8 Drivers/STM32H7xx_HAL_Driver/Src/stm32h7xx_hal_dma.o
 .text.DMA_CalcDMAMUXChannelBaseAndMask
                0x0000000008005664      0x134 Drivers/STM32H7xx_HAL_Driver/Src/stm32h7xx_hal_dma.o
 .text.DMA_CalcDMAMUXRequestGenBaseAndMask
                0x0000000008005798       0xe8 Drivers/STM32H7xx_HAL_Driver/Src/stm32h7xx_hal_dma.o
 .text.HAL_ETH_Init
                0x0000000008005880      0x1b4 Drivers/STM32H7xx_HAL_Driver/Src/stm32h7xx_hal_eth.o
                0x0000000008005880                HAL_ETH_Init
 .text.ETH_SetMACConfig
                0x0000000008005a34      0x238 Drivers/STM32H7xx_HAL_Driver/Src/stm32h7xx_hal_eth.o
 .text.ETH_SetDMAConfig
                0x0000000008005c6c      0x10c Drivers/STM32H7xx_HAL_Driver/Src/stm32h7xx_hal_eth.o
 .text.ETH_MACDMAConfig
                0x0000000008005d78      0x13a Drivers/STM32H7xx_HAL_Driver/Src/stm32h7xx_hal_eth.o
 *fill*         0x0000000008005eb2        0x2 
 .text.ETH_MAC_MDIO_ClkConfig
                0x0000000008005eb4       0xb0 Drivers/STM32H7xx_HAL_Driver/Src/stm32h7xx_hal_eth.o
 .text.ETH_DMATxDescListInit
                0x0000000008005f64       0x8e Drivers/STM32H7xx_HAL_Driver/Src/stm32h7xx_hal_eth.o
 .text.ETH_DMARxDescListInit
                0x0000000008005ff2       0xba Drivers/STM32H7xx_HAL_Driver/Src/stm32h7xx_hal_eth.o
 .text.HAL_GPIO_Init
                0x00000000080060ac      0x360 Drivers/STM32H7xx_HAL_Driver/Src/stm32h7xx_hal_gpio.o
                0x00000000080060ac                HAL_GPIO_Init
 .text.HAL_GPIO_WritePin
                0x000000000800640c       0x32 Drivers/STM32H7xx_HAL_Driver/Src/stm32h7xx_hal_gpio.o
                0x000000000800640c                HAL_GPIO_WritePin
 .text.HAL_GPIO_TogglePin
                0x000000000800643e       0x36 Drivers/STM32H7xx_HAL_Driver/Src/stm32h7xx_hal_gpio.o
                0x000000000800643e                HAL_GPIO_TogglePin
 .text.HAL_GPIO_EXTI_IRQHandler
                0x0000000008006474       0x34 Drivers/STM32H7xx_HAL_Driver/Src/stm32h7xx_hal_gpio.o
                0x0000000008006474                HAL_GPIO_EXTI_IRQHandler
 .text.HAL_PCD_Init
                0x00000000080064a8      0x248 Drivers/STM32H7xx_HAL_Driver/Src/stm32h7xx_hal_pcd.o
                0x00000000080064a8                HAL_PCD_Init
 .text.HAL_PCD_Start
                0x00000000080066f0       0x66 Drivers/STM32H7xx_HAL_Driver/Src/stm32h7xx_hal_pcd.o
                0x00000000080066f0                HAL_PCD_Start
 .text.HAL_PCD_IRQHandler
                0x0000000008006756      0x7be Drivers/STM32H7xx_HAL_Driver/Src/stm32h7xx_hal_pcd.o
                0x0000000008006756                HAL_PCD_IRQHandler
 .text.HAL_PCD_SetAddress
                0x0000000008006f14       0x4a Drivers/STM32H7xx_HAL_Driver/Src/stm32h7xx_hal_pcd.o
                0x0000000008006f14                HAL_PCD_SetAddress
 .text.HAL_PCD_EP_Open
                0x0000000008006f5e       0xd0 Drivers/STM32H7xx_HAL_Driver/Src/stm32h7xx_hal_pcd.o
                0x0000000008006f5e                HAL_PCD_EP_Open
 .text.HAL_PCD_EP_Close
                0x000000000800702e       0x94 Drivers/STM32H7xx_HAL_Driver/Src/stm32h7xx_hal_pcd.o
                0x000000000800702e                HAL_PCD_EP_Close
 .text.HAL_PCD_EP_Receive
                0x00000000080070c2       0x96 Drivers/STM32H7xx_HAL_Driver/Src/stm32h7xx_hal_pcd.o
                0x00000000080070c2                HAL_PCD_EP_Receive
 .text.HAL_PCD_EP_GetRxCount
                0x0000000008007158       0x30 Drivers/STM32H7xx_HAL_Driver/Src/stm32h7xx_hal_pcd.o
                0x0000000008007158                HAL_PCD_EP_GetRxCount
 .text.HAL_PCD_EP_Transmit
                0x0000000008007188       0x94 Drivers/STM32H7xx_HAL_Driver/Src/stm32h7xx_hal_pcd.o
                0x0000000008007188                HAL_PCD_EP_Transmit
 .text.HAL_PCD_EP_SetStall
                0x000000000800721c       0xc8 Drivers/STM32H7xx_HAL_Driver/Src/stm32h7xx_hal_pcd.o
                0x000000000800721c                HAL_PCD_EP_SetStall
 .text.HAL_PCD_EP_ClrStall
                0x00000000080072e4       0xac Drivers/STM32H7xx_HAL_Driver/Src/stm32h7xx_hal_pcd.o
                0x00000000080072e4                HAL_PCD_EP_ClrStall
 .text.PCD_WriteEmptyTxFifo
                0x0000000008007390      0x11a Drivers/STM32H7xx_HAL_Driver/Src/stm32h7xx_hal_pcd.o
 *fill*         0x00000000080074aa        0x2 
 .text.PCD_EP_OutXfrComplete_int
                0x00000000080074ac      0x218 Drivers/STM32H7xx_HAL_Driver/Src/stm32h7xx_hal_pcd.o
 .text.PCD_EP_OutSetupPacket_int
                0x00000000080076c4       0x8c Drivers/STM32H7xx_HAL_Driver/Src/stm32h7xx_hal_pcd.o
 .text.HAL_PCDEx_SetTxFiFo
                0x0000000008007750       0x8e Drivers/STM32H7xx_HAL_Driver/Src/stm32h7xx_hal_pcd_ex.o
                0x0000000008007750                HAL_PCDEx_SetTxFiFo
 .text.HAL_PCDEx_SetRxFiFo
                0x00000000080077de       0x22 Drivers/STM32H7xx_HAL_Driver/Src/stm32h7xx_hal_pcd_ex.o
                0x00000000080077de                HAL_PCDEx_SetRxFiFo
 .text.HAL_PCDEx_ActivateLPM
                0x0000000008007800       0x48 Drivers/STM32H7xx_HAL_Driver/Src/stm32h7xx_hal_pcd_ex.o
                0x0000000008007800                HAL_PCDEx_ActivateLPM
 .text.HAL_PCDEx_LPM_Callback
                0x0000000008007848       0x18 Drivers/STM32H7xx_HAL_Driver/Src/stm32h7xx_hal_pcd_ex.o
                0x0000000008007848                HAL_PCDEx_LPM_Callback
 .text.HAL_PWREx_ConfigSupply
                0x0000000008007860       0x74 Drivers/STM32H7xx_HAL_Driver/Src/stm32h7xx_hal_pwr_ex.o
                0x0000000008007860                HAL_PWREx_ConfigSupply
 .text.HAL_PWREx_EnableUSBVoltageDetector
                0x00000000080078d4       0x20 Drivers/STM32H7xx_HAL_Driver/Src/stm32h7xx_hal_pwr_ex.o
                0x00000000080078d4                HAL_PWREx_EnableUSBVoltageDetector
 .text.HAL_RCC_OscConfig
                0x00000000080078f4      0x820 Drivers/STM32H7xx_HAL_Driver/Src/stm32h7xx_hal_rcc.o
                0x00000000080078f4                HAL_RCC_OscConfig
 .text.HAL_RCC_ClockConfig
                0x0000000008008114      0x36c Drivers/STM32H7xx_HAL_Driver/Src/stm32h7xx_hal_rcc.o
                0x0000000008008114                HAL_RCC_ClockConfig
 .text.HAL_RCC_GetSysClockFreq
                0x0000000008008480      0x2e4 Drivers/STM32H7xx_HAL_Driver/Src/stm32h7xx_hal_rcc.o
                0x0000000008008480                HAL_RCC_GetSysClockFreq
 .text.HAL_RCC_GetHCLKFreq
                0x0000000008008764       0x60 Drivers/STM32H7xx_HAL_Driver/Src/stm32h7xx_hal_rcc.o
                0x0000000008008764                HAL_RCC_GetHCLKFreq
 .text.HAL_RCC_GetPCLK1Freq
                0x00000000080087c4       0x2c Drivers/STM32H7xx_HAL_Driver/Src/stm32h7xx_hal_rcc.o
                0x00000000080087c4                HAL_RCC_GetPCLK1Freq
 .text.HAL_RCC_GetPCLK2Freq
                0x00000000080087f0       0x2c Drivers/STM32H7xx_HAL_Driver/Src/stm32h7xx_hal_rcc.o
                0x00000000080087f0                HAL_RCC_GetPCLK2Freq
 .text.HAL_RCCEx_PeriphCLKConfig
                0x000000000800881c      0xddc Drivers/STM32H7xx_HAL_Driver/Src/stm32h7xx_hal_rcc_ex.o
                0x000000000800881c                HAL_RCCEx_PeriphCLKConfig
 .text.HAL_RCCEx_GetPeriphCLKFreq
                0x00000000080095f8      0x4f0 Drivers/STM32H7xx_HAL_Driver/Src/stm32h7xx_hal_rcc_ex.o
                0x00000000080095f8                HAL_RCCEx_GetPeriphCLKFreq
 .text.HAL_RCCEx_GetD3PCLK1Freq
                0x0000000008009ae8       0x2c Drivers/STM32H7xx_HAL_Driver/Src/stm32h7xx_hal_rcc_ex.o
                0x0000000008009ae8                HAL_RCCEx_GetD3PCLK1Freq
 .text.HAL_RCCEx_GetPLL2ClockFreq
                0x0000000008009b14      0x298 Drivers/STM32H7xx_HAL_Driver/Src/stm32h7xx_hal_rcc_ex.o
                0x0000000008009b14                HAL_RCCEx_GetPLL2ClockFreq
 .text.HAL_RCCEx_GetPLL3ClockFreq
                0x0000000008009dac      0x298 Drivers/STM32H7xx_HAL_Driver/Src/stm32h7xx_hal_rcc_ex.o
                0x0000000008009dac                HAL_RCCEx_GetPLL3ClockFreq
 .text.HAL_RCCEx_GetPLL1ClockFreq
                0x000000000800a044      0x298 Drivers/STM32H7xx_HAL_Driver/Src/stm32h7xx_hal_rcc_ex.o
                0x000000000800a044                HAL_RCCEx_GetPLL1ClockFreq
 .text.RCCEx_PLL2_Config
                0x000000000800a2dc      0x164 Drivers/STM32H7xx_HAL_Driver/Src/stm32h7xx_hal_rcc_ex.o
 .text.RCCEx_PLL3_Config
                0x000000000800a440      0x164 Drivers/STM32H7xx_HAL_Driver/Src/stm32h7xx_hal_rcc_ex.o
 .text.HAL_RTC_Init
                0x000000000800a5a4       0xf0 Drivers/STM32H7xx_HAL_Driver/Src/stm32h7xx_hal_rtc.o
                0x000000000800a5a4                HAL_RTC_Init
 .text.HAL_RTC_WaitForSynchro
                0x000000000800a694       0x4c Drivers/STM32H7xx_HAL_Driver/Src/stm32h7xx_hal_rtc.o
                0x000000000800a694                HAL_RTC_WaitForSynchro
 .text.RTC_EnterInitMode
                0x000000000800a6e0       0x60 Drivers/STM32H7xx_HAL_Driver/Src/stm32h7xx_hal_rtc.o
                0x000000000800a6e0                RTC_EnterInitMode
 .text.RTC_ExitInitMode
                0x000000000800a740       0x7c Drivers/STM32H7xx_HAL_Driver/Src/stm32h7xx_hal_rtc.o
                0x000000000800a740                RTC_ExitInitMode
 .text.HAL_TIM_Base_Init
                0x000000000800a7bc       0xae Drivers/STM32H7xx_HAL_Driver/Src/stm32h7xx_hal_tim.o
                0x000000000800a7bc                HAL_TIM_Base_Init
 *fill*         0x000000000800a86a        0x2 
 .text.HAL_TIM_Base_Start_IT
                0x000000000800a86c       0x6c Drivers/STM32H7xx_HAL_Driver/Src/stm32h7xx_hal_tim.o
                0x000000000800a86c                HAL_TIM_Base_Start_IT
 .text.HAL_TIM_IRQHandler
                0x000000000800a8d8      0x23e Drivers/STM32H7xx_HAL_Driver/Src/stm32h7xx_hal_tim.o
                0x000000000800a8d8                HAL_TIM_IRQHandler
 .text.HAL_TIM_OC_DelayElapsedCallback
                0x000000000800ab16       0x14 Drivers/STM32H7xx_HAL_Driver/Src/stm32h7xx_hal_tim.o
                0x000000000800ab16                HAL_TIM_OC_DelayElapsedCallback
 .text.HAL_TIM_IC_CaptureCallback
                0x000000000800ab2a       0x14 Drivers/STM32H7xx_HAL_Driver/Src/stm32h7xx_hal_tim.o
                0x000000000800ab2a                HAL_TIM_IC_CaptureCallback
 .text.HAL_TIM_PWM_PulseFinishedCallback
                0x000000000800ab3e       0x14 Drivers/STM32H7xx_HAL_Driver/Src/stm32h7xx_hal_tim.o
                0x000000000800ab3e                HAL_TIM_PWM_PulseFinishedCallback
 .text.HAL_TIM_TriggerCallback
                0x000000000800ab52       0x14 Drivers/STM32H7xx_HAL_Driver/Src/stm32h7xx_hal_tim.o
                0x000000000800ab52                HAL_TIM_TriggerCallback
 *fill*         0x000000000800ab66        0x2 
 .text.TIM_Base_SetConfig
                0x000000000800ab68      0x134 Drivers/STM32H7xx_HAL_Driver/Src/stm32h7xx_hal_tim.o
                0x000000000800ab68                TIM_Base_SetConfig
 .text.HAL_TIMEx_CommutCallback
                0x000000000800ac9c       0x14 Drivers/STM32H7xx_HAL_Driver/Src/stm32h7xx_hal_tim_ex.o
                0x000000000800ac9c                HAL_TIMEx_CommutCallback
 .text.HAL_TIMEx_BreakCallback
                0x000000000800acb0       0x14 Drivers/STM32H7xx_HAL_Driver/Src/stm32h7xx_hal_tim_ex.o
                0x000000000800acb0                HAL_TIMEx_BreakCallback
 .text.HAL_TIMEx_Break2Callback
                0x000000000800acc4       0x14 Drivers/STM32H7xx_HAL_Driver/Src/stm32h7xx_hal_tim_ex.o
                0x000000000800acc4                HAL_TIMEx_Break2Callback
 .text.HAL_UART_Init
                0x000000000800acd8       0xa0 Drivers/STM32H7xx_HAL_Driver/Src/stm32h7xx_hal_uart.o
                0x000000000800acd8                HAL_UART_Init
 .text.UART_SetConfig
                0x000000000800ad78      0xb60 Drivers/STM32H7xx_HAL_Driver/Src/stm32h7xx_hal_uart.o
                0x000000000800ad78                UART_SetConfig
 .text.UART_AdvFeatureConfig
                0x000000000800b8d8      0x144 Drivers/STM32H7xx_HAL_Driver/Src/stm32h7xx_hal_uart.o
                0x000000000800b8d8                UART_AdvFeatureConfig
 .text.UART_CheckIdleState
                0x000000000800ba1c       0x90 Drivers/STM32H7xx_HAL_Driver/Src/stm32h7xx_hal_uart.o
                0x000000000800ba1c                UART_CheckIdleState
 .text.UART_WaitOnFlagUntilTimeout
                0x000000000800baac      0x100 Drivers/STM32H7xx_HAL_Driver/Src/stm32h7xx_hal_uart.o
                0x000000000800baac                UART_WaitOnFlagUntilTimeout
 .text.HAL_UARTEx_DisableFifoMode
                0x000000000800bbac       0x72 Drivers/STM32H7xx_HAL_Driver/Src/stm32h7xx_hal_uart_ex.o
                0x000000000800bbac                HAL_UARTEx_DisableFifoMode
 .text.HAL_UARTEx_SetTxFifoThreshold
                0x000000000800bc1e       0x7c Drivers/STM32H7xx_HAL_Driver/Src/stm32h7xx_hal_uart_ex.o
                0x000000000800bc1e                HAL_UARTEx_SetTxFifoThreshold
 .text.HAL_UARTEx_SetRxFifoThreshold
                0x000000000800bc9a       0x7c Drivers/STM32H7xx_HAL_Driver/Src/stm32h7xx_hal_uart_ex.o
                0x000000000800bc9a                HAL_UARTEx_SetRxFifoThreshold
 *fill*         0x000000000800bd16        0x2 
 .text.UARTEx_SetNbDataToProcess
                0x000000000800bd18       0xd0 Drivers/STM32H7xx_HAL_Driver/Src/stm32h7xx_hal_uart_ex.o
 .text.USB_CoreInit
                0x000000000800bde8       0xc4 Drivers/STM32H7xx_HAL_Driver/Src/stm32h7xx_ll_usb.o
                0x000000000800bde8                USB_CoreInit
 .text.USB_SetTurnaroundTime
                0x000000000800beac      0x144 Drivers/STM32H7xx_HAL_Driver/Src/stm32h7xx_ll_usb.o
                0x000000000800beac                USB_SetTurnaroundTime
 .text.USB_EnableGlobalInt
                0x000000000800bff0       0x22 Drivers/STM32H7xx_HAL_Driver/Src/stm32h7xx_ll_usb.o
                0x000000000800bff0                USB_EnableGlobalInt
 .text.USB_DisableGlobalInt
                0x000000000800c012       0x22 Drivers/STM32H7xx_HAL_Driver/Src/stm32h7xx_ll_usb.o
                0x000000000800c012                USB_DisableGlobalInt
 .text.USB_SetCurrentMode
                0x000000000800c034       0x54 Drivers/STM32H7xx_HAL_Driver/Src/stm32h7xx_ll_usb.o
                0x000000000800c034                USB_SetCurrentMode
 .text.USB_DevInit
                0x000000000800c088      0x2bc Drivers/STM32H7xx_HAL_Driver/Src/stm32h7xx_ll_usb.o
                0x000000000800c088                USB_DevInit
 .text.USB_FlushTxFifo
                0x000000000800c344       0x4c Drivers/STM32H7xx_HAL_Driver/Src/stm32h7xx_ll_usb.o
                0x000000000800c344                USB_FlushTxFifo
 .text.USB_FlushRxFifo
                0x000000000800c390       0x44 Drivers/STM32H7xx_HAL_Driver/Src/stm32h7xx_ll_usb.o
                0x000000000800c390                USB_FlushRxFifo
 .text.USB_SetDevSpeed
                0x000000000800c3d4       0x32 Drivers/STM32H7xx_HAL_Driver/Src/stm32h7xx_ll_usb.o
                0x000000000800c3d4                USB_SetDevSpeed
 .text.USB_GetDevSpeed
                0x000000000800c406       0x4a Drivers/STM32H7xx_HAL_Driver/Src/stm32h7xx_ll_usb.o
                0x000000000800c406                USB_GetDevSpeed
 .text.USB_ActivateEndpoint
                0x000000000800c450      0x110 Drivers/STM32H7xx_HAL_Driver/Src/stm32h7xx_ll_usb.o
                0x000000000800c450                USB_ActivateEndpoint
 .text.USB_DeactivateEndpoint
                0x000000000800c560      0x1b8 Drivers/STM32H7xx_HAL_Driver/Src/stm32h7xx_ll_usb.o
                0x000000000800c560                USB_DeactivateEndpoint
 .text.USB_EPStartXfer
                0x000000000800c718      0x498 Drivers/STM32H7xx_HAL_Driver/Src/stm32h7xx_ll_usb.o
                0x000000000800c718                USB_EPStartXfer
 .text.USB_EP0StartXfer
                0x000000000800cbb0      0x2b0 Drivers/STM32H7xx_HAL_Driver/Src/stm32h7xx_ll_usb.o
                0x000000000800cbb0                USB_EP0StartXfer
 .text.USB_WritePacket
                0x000000000800ce60       0x6a Drivers/STM32H7xx_HAL_Driver/Src/stm32h7xx_ll_usb.o
                0x000000000800ce60                USB_WritePacket
 .text.USB_ReadPacket
                0x000000000800ceca       0x52 Drivers/STM32H7xx_HAL_Driver/Src/stm32h7xx_ll_usb.o
                0x000000000800ceca                USB_ReadPacket
 .text.USB_EPSetStall
                0x000000000800cf1c       0xdc Drivers/STM32H7xx_HAL_Driver/Src/stm32h7xx_ll_usb.o
                0x000000000800cf1c                USB_EPSetStall
 .text.USB_EPClearStall
                0x000000000800cff8       0xcc Drivers/STM32H7xx_HAL_Driver/Src/stm32h7xx_ll_usb.o
                0x000000000800cff8                USB_EPClearStall
 .text.USB_SetDevAddress
                0x000000000800d0c4       0x4c Drivers/STM32H7xx_HAL_Driver/Src/stm32h7xx_ll_usb.o
                0x000000000800d0c4                USB_SetDevAddress
 .text.USB_DevConnect
                0x000000000800d110       0x30 Drivers/STM32H7xx_HAL_Driver/Src/stm32h7xx_ll_usb.o
                0x000000000800d110                USB_DevConnect
 .text.USB_DevDisconnect
                0x000000000800d140       0x30 Drivers/STM32H7xx_HAL_Driver/Src/stm32h7xx_ll_usb.o
                0x000000000800d140                USB_DevDisconnect
 .text.USB_ReadInterrupts
                0x000000000800d170       0x26 Drivers/STM32H7xx_HAL_Driver/Src/stm32h7xx_ll_usb.o
                0x000000000800d170                USB_ReadInterrupts
 .text.USB_ReadDevAllOutEpInterrupt
                0x000000000800d196       0x34 Drivers/STM32H7xx_HAL_Driver/Src/stm32h7xx_ll_usb.o
                0x000000000800d196                USB_ReadDevAllOutEpInterrupt
 .text.USB_ReadDevAllInEpInterrupt
                0x000000000800d1ca       0x34 Drivers/STM32H7xx_HAL_Driver/Src/stm32h7xx_ll_usb.o
                0x000000000800d1ca                USB_ReadDevAllInEpInterrupt
 .text.USB_ReadDevOutEPInterrupt
                0x000000000800d1fe       0x3c Drivers/STM32H7xx_HAL_Driver/Src/stm32h7xx_ll_usb.o
                0x000000000800d1fe                USB_ReadDevOutEPInterrupt
 .text.USB_ReadDevInEPInterrupt
                0x000000000800d23a       0x5c Drivers/STM32H7xx_HAL_Driver/Src/stm32h7xx_ll_usb.o
                0x000000000800d23a                USB_ReadDevInEPInterrupt
 .text.USB_GetMode
                0x000000000800d296       0x1c Drivers/STM32H7xx_HAL_Driver/Src/stm32h7xx_ll_usb.o
                0x000000000800d296                USB_GetMode
 *fill*         0x000000000800d2b2        0x2 
 .text.USB_ActivateSetup
                0x000000000800d2b4       0x48 Drivers/STM32H7xx_HAL_Driver/Src/stm32h7xx_ll_usb.o
                0x000000000800d2b4                USB_ActivateSetup
 .text.USB_EP0_OutStart
                0x000000000800d2fc       0xbc Drivers/STM32H7xx_HAL_Driver/Src/stm32h7xx_ll_usb.o
                0x000000000800d2fc                USB_EP0_OutStart
 .text.USB_CoreReset
                0x000000000800d3b8       0x68 Drivers/STM32H7xx_HAL_Driver/Src/stm32h7xx_ll_usb.o
 .text.USBD_CDC_Init
                0x000000000800d420      0x100 Middlewares/ST/STM32_USB_Device_Library/Class/CDC/Src/usbd_cdc.o
 .text.USBD_CDC_DeInit
                0x000000000800d520       0x78 Middlewares/ST/STM32_USB_Device_Library/Class/CDC/Src/usbd_cdc.o
 .text.USBD_CDC_Setup
                0x000000000800d598      0x178 Middlewares/ST/STM32_USB_Device_Library/Class/CDC/Src/usbd_cdc.o
 .text.USBD_CDC_DataIn
                0x000000000800d710       0xbe Middlewares/ST/STM32_USB_Device_Library/Class/CDC/Src/usbd_cdc.o
 .text.USBD_CDC_DataOut
                0x000000000800d7ce       0x56 Middlewares/ST/STM32_USB_Device_Library/Class/CDC/Src/usbd_cdc.o
 .text.USBD_CDC_EP0_RxReady
                0x000000000800d824       0x50 Middlewares/ST/STM32_USB_Device_Library/Class/CDC/Src/usbd_cdc.o
 .text.USBD_CDC_GetFSCfgDesc
                0x000000000800d874       0x20 Middlewares/ST/STM32_USB_Device_Library/Class/CDC/Src/usbd_cdc.o
 .text.USBD_CDC_GetHSCfgDesc
                0x000000000800d894       0x20 Middlewares/ST/STM32_USB_Device_Library/Class/CDC/Src/usbd_cdc.o
 .text.USBD_CDC_GetOtherSpeedCfgDesc
                0x000000000800d8b4       0x20 Middlewares/ST/STM32_USB_Device_Library/Class/CDC/Src/usbd_cdc.o
 .text.USBD_CDC_GetDeviceQualifierDescriptor
                0x000000000800d8d4       0x20 Middlewares/ST/STM32_USB_Device_Library/Class/CDC/Src/usbd_cdc.o
                0x000000000800d8d4                USBD_CDC_GetDeviceQualifierDescriptor
 .text.USBD_CDC_RegisterInterface
                0x000000000800d8f4       0x2a Middlewares/ST/STM32_USB_Device_Library/Class/CDC/Src/usbd_cdc.o
                0x000000000800d8f4                USBD_CDC_RegisterInterface
 .text.USBD_CDC_SetTxBuffer
                0x000000000800d91e       0x32 Middlewares/ST/STM32_USB_Device_Library/Class/CDC/Src/usbd_cdc.o
                0x000000000800d91e                USBD_CDC_SetTxBuffer
 .text.USBD_CDC_SetRxBuffer
                0x000000000800d950       0x28 Middlewares/ST/STM32_USB_Device_Library/Class/CDC/Src/usbd_cdc.o
                0x000000000800d950                USBD_CDC_SetRxBuffer
 .text.USBD_CDC_TransmitPacket
                0x000000000800d978       0x60 Middlewares/ST/STM32_USB_Device_Library/Class/CDC/Src/usbd_cdc.o
                0x000000000800d978                USBD_CDC_TransmitPacket
 .text.USBD_CDC_ReceivePacket
                0x000000000800d9d8       0x54 Middlewares/ST/STM32_USB_Device_Library/Class/CDC/Src/usbd_cdc.o
                0x000000000800d9d8                USBD_CDC_ReceivePacket
 .text.USBD_Init
                0x000000000800da2c       0x6c Middlewares/ST/STM32_USB_Device_Library/Core/Src/usbd_core.o
                0x000000000800da2c                USBD_Init
 .text.USBD_RegisterClass
                0x000000000800da98       0x42 Middlewares/ST/STM32_USB_Device_Library/Core/Src/usbd_core.o
                0x000000000800da98                USBD_RegisterClass
 .text.USBD_Start
                0x000000000800dada       0x18 Middlewares/ST/STM32_USB_Device_Library/Core/Src/usbd_core.o
                0x000000000800dada                USBD_Start
 .text.USBD_RunTestMode
                0x000000000800daf2       0x16 Middlewares/ST/STM32_USB_Device_Library/Core/Src/usbd_core.o
                0x000000000800daf2                USBD_RunTestMode
 .text.USBD_SetClassConfig
                0x000000000800db08       0x38 Middlewares/ST/STM32_USB_Device_Library/Core/Src/usbd_core.o
                0x000000000800db08                USBD_SetClassConfig
 .text.USBD_ClrClassConfig
                0x000000000800db40       0x30 Middlewares/ST/STM32_USB_Device_Library/Core/Src/usbd_core.o
                0x000000000800db40                USBD_ClrClassConfig
 .text.USBD_LL_SetupStage
                0x000000000800db70       0xa6 Middlewares/ST/STM32_USB_Device_Library/Core/Src/usbd_core.o
                0x000000000800db70                USBD_LL_SetupStage
 .text.USBD_LL_DataOutStage
                0x000000000800dc16       0xc6 Middlewares/ST/STM32_USB_Device_Library/Core/Src/usbd_core.o
                0x000000000800dc16                USBD_LL_DataOutStage
 .text.USBD_LL_DataInStage
                0x000000000800dcdc      0x12c Middlewares/ST/STM32_USB_Device_Library/Core/Src/usbd_core.o
                0x000000000800dcdc                USBD_LL_DataInStage
 .text.USBD_LL_Reset
                0x000000000800de08       0x82 Middlewares/ST/STM32_USB_Device_Library/Core/Src/usbd_core.o
                0x000000000800de08                USBD_LL_Reset
 .text.USBD_LL_SetSpeed
                0x000000000800de8a       0x20 Middlewares/ST/STM32_USB_Device_Library/Core/Src/usbd_core.o
                0x000000000800de8a                USBD_LL_SetSpeed
 .text.USBD_LL_Suspend
                0x000000000800deaa       0x2a Middlewares/ST/STM32_USB_Device_Library/Core/Src/usbd_core.o
                0x000000000800deaa                USBD_LL_Suspend
 .text.USBD_LL_Resume
                0x000000000800ded4       0x2c Middlewares/ST/STM32_USB_Device_Library/Core/Src/usbd_core.o
                0x000000000800ded4                USBD_LL_Resume
 .text.USBD_LL_SOF
                0x000000000800df00       0x34 Middlewares/ST/STM32_USB_Device_Library/Core/Src/usbd_core.o
                0x000000000800df00                USBD_LL_SOF
 .text.USBD_LL_IsoINIncomplete
                0x000000000800df34       0x1a Middlewares/ST/STM32_USB_Device_Library/Core/Src/usbd_core.o
                0x000000000800df34                USBD_LL_IsoINIncomplete
 .text.USBD_LL_IsoOUTIncomplete
                0x000000000800df4e       0x1a Middlewares/ST/STM32_USB_Device_Library/Core/Src/usbd_core.o
                0x000000000800df4e                USBD_LL_IsoOUTIncomplete
 .text.USBD_LL_DevConnected
                0x000000000800df68       0x16 Middlewares/ST/STM32_USB_Device_Library/Core/Src/usbd_core.o
                0x000000000800df68                USBD_LL_DevConnected
 .text.USBD_LL_DevDisconnected
                0x000000000800df7e       0x38 Middlewares/ST/STM32_USB_Device_Library/Core/Src/usbd_core.o
                0x000000000800df7e                USBD_LL_DevDisconnected
 .text.SWAPBYTE
                0x000000000800dfb6       0x3c Middlewares/ST/STM32_USB_Device_Library/Core/Src/usbd_ctlreq.o
 *fill*         0x000000000800dff2        0x2 
 .text.USBD_StdDevReq
                0x000000000800dff4       0xdc Middlewares/ST/STM32_USB_Device_Library/Core/Src/usbd_ctlreq.o
                0x000000000800dff4                USBD_StdDevReq
 .text.USBD_StdItfReq
                0x000000000800e0d0       0x8c Middlewares/ST/STM32_USB_Device_Library/Core/Src/usbd_ctlreq.o
                0x000000000800e0d0                USBD_StdItfReq
 .text.USBD_StdEPReq
                0x000000000800e15c      0x2aa Middlewares/ST/STM32_USB_Device_Library/Core/Src/usbd_ctlreq.o
                0x000000000800e15c                USBD_StdEPReq
 *fill*         0x000000000800e406        0x2 
 .text.USBD_GetDescriptor
                0x000000000800e408      0x2d4 Middlewares/ST/STM32_USB_Device_Library/Core/Src/usbd_ctlreq.o
 .text.USBD_SetAddress
                0x000000000800e6dc       0x84 Middlewares/ST/STM32_USB_Device_Library/Core/Src/usbd_ctlreq.o
 .text.USBD_SetConfig
                0x000000000800e760      0x148 Middlewares/ST/STM32_USB_Device_Library/Core/Src/usbd_ctlreq.o
 .text.USBD_GetConfig
                0x000000000800e8a8       0x68 Middlewares/ST/STM32_USB_Device_Library/Core/Src/usbd_ctlreq.o
 .text.USBD_GetStatus
                0x000000000800e910       0x66 Middlewares/ST/STM32_USB_Device_Library/Core/Src/usbd_ctlreq.o
 .text.USBD_SetFeature
                0x000000000800e976       0x28 Middlewares/ST/STM32_USB_Device_Library/Core/Src/usbd_ctlreq.o
 .text.USBD_ClrFeature
                0x000000000800e99e       0x42 Middlewares/ST/STM32_USB_Device_Library/Core/Src/usbd_ctlreq.o
 .text.USBD_ParseSetupRequest
                0x000000000800e9e0       0x74 Middlewares/ST/STM32_USB_Device_Library/Core/Src/usbd_ctlreq.o
                0x000000000800e9e0                USBD_ParseSetupRequest
 .text.USBD_CtlError
                0x000000000800ea54       0x22 Middlewares/ST/STM32_USB_Device_Library/Core/Src/usbd_ctlreq.o
                0x000000000800ea54                USBD_CtlError
 .text.USBD_GetString
                0x000000000800ea76       0x8c Middlewares/ST/STM32_USB_Device_Library/Core/Src/usbd_ctlreq.o
                0x000000000800ea76                USBD_GetString
 .text.USBD_GetLen
                0x000000000800eb02       0x34 Middlewares/ST/STM32_USB_Device_Library/Core/Src/usbd_ctlreq.o
 .text.USBD_CtlSendData
                0x000000000800eb36       0x36 Middlewares/ST/STM32_USB_Device_Library/Core/Src/usbd_ioreq.o
                0x000000000800eb36                USBD_CtlSendData
 .text.USBD_CtlContinueSendData
                0x000000000800eb6c       0x22 Middlewares/ST/STM32_USB_Device_Library/Core/Src/usbd_ioreq.o
                0x000000000800eb6c                USBD_CtlContinueSendData
 .text.USBD_CtlPrepareRx
                0x000000000800eb8e       0x3a Middlewares/ST/STM32_USB_Device_Library/Core/Src/usbd_ioreq.o
                0x000000000800eb8e                USBD_CtlPrepareRx
 .text.USBD_CtlContinueRx
                0x000000000800ebc8       0x22 Middlewares/ST/STM32_USB_Device_Library/Core/Src/usbd_ioreq.o
                0x000000000800ebc8                USBD_CtlContinueRx
 .text.USBD_CtlSendStatus
                0x000000000800ebea       0x26 Middlewares/ST/STM32_USB_Device_Library/Core/Src/usbd_ioreq.o
                0x000000000800ebea                USBD_CtlSendStatus
 .text.USBD_CtlReceiveStatus
                0x000000000800ec10       0x26 Middlewares/ST/STM32_USB_Device_Library/Core/Src/usbd_ioreq.o
                0x000000000800ec10                USBD_CtlReceiveStatus
 *fill*         0x000000000800ec36        0x2 
 .text.MX_USB_DEVICE_Init
                0x000000000800ec38       0x64 USB_DEVICE/App/usb_device.o
                0x000000000800ec38                MX_USB_DEVICE_Init
 .text.CDC_Init_FS
                0x000000000800ec9c       0x28 USB_DEVICE/App/usbd_cdc_if.o
 .text.CDC_DeInit_FS
                0x000000000800ecc4       0x10 USB_DEVICE/App/usbd_cdc_if.o
 .text.CDC_Control_FS
                0x000000000800ecd4       0xe4 USB_DEVICE/App/usbd_cdc_if.o
 .text.CDC_Receive_FS
                0x000000000800edb8       0x28 USB_DEVICE/App/usbd_cdc_if.o
 .text.CDC_Transmit_FS
                0x000000000800ede0       0x4c USB_DEVICE/App/usbd_cdc_if.o
                0x000000000800ede0                CDC_Transmit_FS
 .text.CDC_TransmitCplt_FS
                0x000000000800ee2c       0x22 USB_DEVICE/App/usbd_cdc_if.o
 *fill*         0x000000000800ee4e        0x2 
 .text.USBD_FS_DeviceDescriptor
                0x000000000800ee50       0x24 USB_DEVICE/App/usbd_desc.o
                0x000000000800ee50                USBD_FS_DeviceDescriptor
 .text.USBD_FS_LangIDStrDescriptor
                0x000000000800ee74       0x24 USB_DEVICE/App/usbd_desc.o
                0x000000000800ee74                USBD_FS_LangIDStrDescriptor
 .text.USBD_FS_ProductStrDescriptor
                0x000000000800ee98       0x3c USB_DEVICE/App/usbd_desc.o
                0x000000000800ee98                USBD_FS_ProductStrDescriptor
 .text.USBD_FS_ManufacturerStrDescriptor
                0x000000000800eed4       0x28 USB_DEVICE/App/usbd_desc.o
                0x000000000800eed4                USBD_FS_ManufacturerStrDescriptor
 .text.USBD_FS_SerialStrDescriptor
                0x000000000800eefc       0x24 USB_DEVICE/App/usbd_desc.o
                0x000000000800eefc                USBD_FS_SerialStrDescriptor
 .text.USBD_FS_ConfigStrDescriptor
                0x000000000800ef20       0x3c USB_DEVICE/App/usbd_desc.o
                0x000000000800ef20                USBD_FS_ConfigStrDescriptor
 .text.USBD_FS_InterfaceStrDescriptor
                0x000000000800ef5c       0x3c USB_DEVICE/App/usbd_desc.o
                0x000000000800ef5c                USBD_FS_InterfaceStrDescriptor
 .text.Get_SerialNum
                0x000000000800ef98       0x58 USB_DEVICE/App/usbd_desc.o
 .text.IntToUnicode
                0x000000000800eff0       0x7c USB_DEVICE/App/usbd_desc.o
 .text.HAL_PCD_MspInit
                0x000000000800f06c       0xc0 USB_DEVICE/Target/usbd_conf.o
                0x000000000800f06c                HAL_PCD_MspInit
 .text.HAL_PCD_SetupStageCallback
                0x000000000800f12c       0x24 USB_DEVICE/Target/usbd_conf.o
                0x000000000800f12c                HAL_PCD_SetupStageCallback
 .text.HAL_PCD_DataOutStageCallback
                0x000000000800f150       0x36 USB_DEVICE/Target/usbd_conf.o
                0x000000000800f150                HAL_PCD_DataOutStageCallback
 .text.HAL_PCD_DataInStageCallback
                0x000000000800f186       0x34 USB_DEVICE/Target/usbd_conf.o
                0x000000000800f186                HAL_PCD_DataInStageCallback
 .text.HAL_PCD_SOFCallback
                0x000000000800f1ba       0x1c USB_DEVICE/Target/usbd_conf.o
                0x000000000800f1ba                HAL_PCD_SOFCallback
 .text.HAL_PCD_ResetCallback
                0x000000000800f1d6       0x50 USB_DEVICE/Target/usbd_conf.o
                0x000000000800f1d6                HAL_PCD_ResetCallback
 *fill*         0x000000000800f226        0x2 
 .text.HAL_PCD_SuspendCallback
                0x000000000800f228       0x4c USB_DEVICE/Target/usbd_conf.o
                0x000000000800f228                HAL_PCD_SuspendCallback
 .text.HAL_PCD_ResumeCallback
                0x000000000800f274       0x1c USB_DEVICE/Target/usbd_conf.o
                0x000000000800f274                HAL_PCD_ResumeCallback
 .text.HAL_PCD_ISOOUTIncompleteCallback
                0x000000000800f290       0x24 USB_DEVICE/Target/usbd_conf.o
                0x000000000800f290                HAL_PCD_ISOOUTIncompleteCallback
 .text.HAL_PCD_ISOINIncompleteCallback
                0x000000000800f2b4       0x24 USB_DEVICE/Target/usbd_conf.o
                0x000000000800f2b4                HAL_PCD_ISOINIncompleteCallback
 .text.HAL_PCD_ConnectCallback
                0x000000000800f2d8       0x1c USB_DEVICE/Target/usbd_conf.o
                0x000000000800f2d8                HAL_PCD_ConnectCallback
 .text.HAL_PCD_DisconnectCallback
                0x000000000800f2f4       0x1c USB_DEVICE/Target/usbd_conf.o
                0x000000000800f2f4                HAL_PCD_DisconnectCallback
 .text.USBD_LL_Init
                0x000000000800f310       0xa0 USB_DEVICE/Target/usbd_conf.o
                0x000000000800f310                USBD_LL_Init
 .text.USBD_LL_Start
                0x000000000800f3b0       0x36 USB_DEVICE/Target/usbd_conf.o
                0x000000000800f3b0                USBD_LL_Start
 .text.USBD_LL_OpenEP
                0x000000000800f3e6       0x4c USB_DEVICE/Target/usbd_conf.o
                0x000000000800f3e6                USBD_LL_OpenEP
 .text.USBD_LL_CloseEP
                0x000000000800f432       0x3e USB_DEVICE/Target/usbd_conf.o
                0x000000000800f432                USBD_LL_CloseEP
 .text.USBD_LL_StallEP
                0x000000000800f470       0x3e USB_DEVICE/Target/usbd_conf.o
                0x000000000800f470                USBD_LL_StallEP
 .text.USBD_LL_ClearStallEP
                0x000000000800f4ae       0x3e USB_DEVICE/Target/usbd_conf.o
                0x000000000800f4ae                USBD_LL_ClearStallEP
 .text.USBD_LL_IsStallEP
                0x000000000800f4ec       0x58 USB_DEVICE/Target/usbd_conf.o
                0x000000000800f4ec                USBD_LL_IsStallEP
 .text.USBD_LL_SetUSBAddress
                0x000000000800f544       0x3e USB_DEVICE/Target/usbd_conf.o
                0x000000000800f544                USBD_LL_SetUSBAddress
 .text.USBD_LL_Transmit
                0x000000000800f582       0x42 USB_DEVICE/Target/usbd_conf.o
                0x000000000800f582                USBD_LL_Transmit
 .text.USBD_LL_PrepareReceive
                0x000000000800f5c4       0x42 USB_DEVICE/Target/usbd_conf.o
                0x000000000800f5c4                USBD_LL_PrepareReceive
 .text.USBD_LL_GetRxDataSize
                0x000000000800f606       0x26 USB_DEVICE/Target/usbd_conf.o
                0x000000000800f606                USBD_LL_GetRxDataSize
 .text.USBD_Get_USB_Status
                0x000000000800f62c       0x58 USB_DEVICE/Target/usbd_conf.o
                0x000000000800f62c                USBD_Get_USB_Status
 .text.__errno  0x000000000800f684        0xc e:/programy/stm32cubeide_1.3.0/stm32cubeide/plugins/com.st.stm32cube.ide.mcu.externaltools.gnu-tools-for-stm32.7-2018-q2-update.win32_1.5.0.202011040924/tools/bin/../lib/gcc/arm-none-eabi/7.3.1/../../../../arm-none-eabi/lib/thumb/v7e-m/fpv5/hard\libc_nano.a(lib_a-errno.o)
                0x000000000800f684                __errno
 .text.__libc_init_array
                0x000000000800f690       0x48 e:/programy/stm32cubeide_1.3.0/stm32cubeide/plugins/com.st.stm32cube.ide.mcu.externaltools.gnu-tools-for-stm32.7-2018-q2-update.win32_1.5.0.202011040924/tools/bin/../lib/gcc/arm-none-eabi/7.3.1/../../../../arm-none-eabi/lib/thumb/v7e-m/fpv5/hard\libc_nano.a(lib_a-init.o)
                0x000000000800f690                __libc_init_array
 .text.malloc   0x000000000800f6d8       0x10 e:/programy/stm32cubeide_1.3.0/stm32cubeide/plugins/com.st.stm32cube.ide.mcu.externaltools.gnu-tools-for-stm32.7-2018-q2-update.win32_1.5.0.202011040924/tools/bin/../lib/gcc/arm-none-eabi/7.3.1/../../../../arm-none-eabi/lib/thumb/v7e-m/fpv5/hard\libc_nano.a(lib_a-malloc.o)
                0x000000000800f6d8                malloc
 .text.free     0x000000000800f6e8       0x10 e:/programy/stm32cubeide_1.3.0/stm32cubeide/plugins/com.st.stm32cube.ide.mcu.externaltools.gnu-tools-for-stm32.7-2018-q2-update.win32_1.5.0.202011040924/tools/bin/../lib/gcc/arm-none-eabi/7.3.1/../../../../arm-none-eabi/lib/thumb/v7e-m/fpv5/hard\libc_nano.a(lib_a-malloc.o)
                0x000000000800f6e8                free
 .text.memset   0x000000000800f6f8       0x10 e:/programy/stm32cubeide_1.3.0/stm32cubeide/plugins/com.st.stm32cube.ide.mcu.externaltools.gnu-tools-for-stm32.7-2018-q2-update.win32_1.5.0.202011040924/tools/bin/../lib/gcc/arm-none-eabi/7.3.1/../../../../arm-none-eabi/lib/thumb/v7e-m/fpv5/hard\libc_nano.a(lib_a-memset.o)
                0x000000000800f6f8                memset
 .text._free_r  0x000000000800f708       0x9c e:/programy/stm32cubeide_1.3.0/stm32cubeide/plugins/com.st.stm32cube.ide.mcu.externaltools.gnu-tools-for-stm32.7-2018-q2-update.win32_1.5.0.202011040924/tools/bin/../lib/gcc/arm-none-eabi/7.3.1/../../../../arm-none-eabi/lib/thumb/v7e-m/fpv5/hard\libc_nano.a(lib_a-nano-freer.o)
                0x000000000800f708                _free_r
 .text._malloc_r
                0x000000000800f7a4       0xb4 e:/programy/stm32cubeide_1.3.0/stm32cubeide/plugins/com.st.stm32cube.ide.mcu.externaltools.gnu-tools-for-stm32.7-2018-q2-update.win32_1.5.0.202011040924/tools/bin/../lib/gcc/arm-none-eabi/7.3.1/../../../../arm-none-eabi/lib/thumb/v7e-m/fpv5/hard\libc_nano.a(lib_a-nano-mallocr.o)
                0x000000000800f7a4                _malloc_r
 .text._sbrk_r  0x000000000800f858       0x20 e:/programy/stm32cubeide_1.3.0/stm32cubeide/plugins/com.st.stm32cube.ide.mcu.externaltools.gnu-tools-for-stm32.7-2018-q2-update.win32_1.5.0.202011040924/tools/bin/../lib/gcc/arm-none-eabi/7.3.1/../../../../arm-none-eabi/lib/thumb/v7e-m/fpv5/hard\libc_nano.a(lib_a-sbrkr.o)
                0x000000000800f858                _sbrk_r
 .text.sprintf  0x000000000800f878       0x40 e:/programy/stm32cubeide_1.3.0/stm32cubeide/plugins/com.st.stm32cube.ide.mcu.externaltools.gnu-tools-for-stm32.7-2018-q2-update.win32_1.5.0.202011040924/tools/bin/../lib/gcc/arm-none-eabi/7.3.1/../../../../arm-none-eabi/lib/thumb/v7e-m/fpv5/hard\libc_nano.a(lib_a-sprintf.o)
                0x000000000800f878                siprintf
                0x000000000800f878                sprintf
 .text.__malloc_lock
                0x000000000800f8b8        0x2 e:/programy/stm32cubeide_1.3.0/stm32cubeide/plugins/com.st.stm32cube.ide.mcu.externaltools.gnu-tools-for-stm32.7-2018-q2-update.win32_1.5.0.202011040924/tools/bin/../lib/gcc/arm-none-eabi/7.3.1/../../../../arm-none-eabi/lib/thumb/v7e-m/fpv5/hard\libc_nano.a(lib_a-mlock.o)
                0x000000000800f8b8                __malloc_lock
 .text.__malloc_unlock
                0x000000000800f8ba        0x2 e:/programy/stm32cubeide_1.3.0/stm32cubeide/plugins/com.st.stm32cube.ide.mcu.externaltools.gnu-tools-for-stm32.7-2018-q2-update.win32_1.5.0.202011040924/tools/bin/../lib/gcc/arm-none-eabi/7.3.1/../../../../arm-none-eabi/lib/thumb/v7e-m/fpv5/hard\libc_nano.a(lib_a-mlock.o)
                0x000000000800f8ba                __malloc_unlock
 .text.__ssputs_r
                0x000000000800f8bc       0xb4 e:/programy/stm32cubeide_1.3.0/stm32cubeide/plugins/com.st.stm32cube.ide.mcu.externaltools.gnu-tools-for-stm32.7-2018-q2-update.win32_1.5.0.202011040924/tools/bin/../lib/gcc/arm-none-eabi/7.3.1/../../../../arm-none-eabi/lib/thumb/v7e-m/fpv5/hard\libc_nano.a(lib_a-nano-svfprintf.o)
                0x000000000800f8bc                __ssputs_r
 .text._svfprintf_r
                0x000000000800f970      0x1f0 e:/programy/stm32cubeide_1.3.0/stm32cubeide/plugins/com.st.stm32cube.ide.mcu.externaltools.gnu-tools-for-stm32.7-2018-q2-update.win32_1.5.0.202011040924/tools/bin/../lib/gcc/arm-none-eabi/7.3.1/../../../../arm-none-eabi/lib/thumb/v7e-m/fpv5/hard\libc_nano.a(lib_a-nano-svfprintf.o)
                0x000000000800f970                _svfiprintf_r
                0x000000000800f970                _svfprintf_r
 .text._printf_common
                0x000000000800fb60       0xea e:/programy/stm32cubeide_1.3.0/stm32cubeide/plugins/com.st.stm32cube.ide.mcu.externaltools.gnu-tools-for-stm32.7-2018-q2-update.win32_1.5.0.202011040924/tools/bin/../lib/gcc/arm-none-eabi/7.3.1/../../../../arm-none-eabi/lib/thumb/v7e-m/fpv5/hard\libc_nano.a(lib_a-nano-vfprintf_i.o)
                0x000000000800fb60                _printf_common
 *fill*         0x000000000800fc4a        0x2 
 .text._printf_i
                0x000000000800fc4c      0x224 e:/programy/stm32cubeide_1.3.0/stm32cubeide/plugins/com.st.stm32cube.ide.mcu.externaltools.gnu-tools-for-stm32.7-2018-q2-update.win32_1.5.0.202011040924/tools/bin/../lib/gcc/arm-none-eabi/7.3.1/../../../../arm-none-eabi/lib/thumb/v7e-m/fpv5/hard\libc_nano.a(lib_a-nano-vfprintf_i.o)
                0x000000000800fc4c                _printf_i
 .text.memcpy   0x000000000800fe70       0x16 e:/programy/stm32cubeide_1.3.0/stm32cubeide/plugins/com.st.stm32cube.ide.mcu.externaltools.gnu-tools-for-stm32.7-2018-q2-update.win32_1.5.0.202011040924/tools/bin/../lib/gcc/arm-none-eabi/7.3.1/../../../../arm-none-eabi/lib/thumb/v7e-m/fpv5/hard\libc_nano.a(lib_a-memcpy-stub.o)
                0x000000000800fe70                memcpy
 .text.memmove  0x000000000800fe86       0x32 e:/programy/stm32cubeide_1.3.0/stm32cubeide/plugins/com.st.stm32cube.ide.mcu.externaltools.gnu-tools-for-stm32.7-2018-q2-update.win32_1.5.0.202011040924/tools/bin/../lib/gcc/arm-none-eabi/7.3.1/../../../../arm-none-eabi/lib/thumb/v7e-m/fpv5/hard\libc_nano.a(lib_a-memmove.o)
                0x000000000800fe86                memmove
 .text._realloc_r
                0x000000000800feb8       0x4c e:/programy/stm32cubeide_1.3.0/stm32cubeide/plugins/com.st.stm32cube.ide.mcu.externaltools.gnu-tools-for-stm32.7-2018-q2-update.win32_1.5.0.202011040924/tools/bin/../lib/gcc/arm-none-eabi/7.3.1/../../../../arm-none-eabi/lib/thumb/v7e-m/fpv5/hard\libc_nano.a(lib_a-nano-reallocr.o)
                0x000000000800feb8                _realloc_r
 .text._malloc_usable_size_r
                0x000000000800ff04       0x10 e:/programy/stm32cubeide_1.3.0/stm32cubeide/plugins/com.st.stm32cube.ide.mcu.externaltools.gnu-tools-for-stm32.7-2018-q2-update.win32_1.5.0.202011040924/tools/bin/../lib/gcc/arm-none-eabi/7.3.1/../../../../arm-none-eabi/lib/thumb/v7e-m/fpv5/hard\libc_nano.a(lib_a-nano-msizer.o)
                0x000000000800ff04                _malloc_usable_size_r
 *(.glue_7)
 .glue_7        0x000000000800ff14        0x0 linker stubs
 *(.glue_7t)
 .glue_7t       0x000000000800ff14        0x0 linker stubs
 *(.eh_frame)
 .eh_frame      0x000000000800ff14        0x0 e:/programy/stm32cubeide_1.3.0/stm32cubeide/plugins/com.st.stm32cube.ide.mcu.externaltools.gnu-tools-for-stm32.7-2018-q2-update.win32_1.5.0.202011040924/tools/bin/../lib/gcc/arm-none-eabi/7.3.1/thumb/v7e-m/fpv5/hard/crtbegin.o
 *(.init)
 .init          0x000000000800ff14        0x4 e:/programy/stm32cubeide_1.3.0/stm32cubeide/plugins/com.st.stm32cube.ide.mcu.externaltools.gnu-tools-for-stm32.7-2018-q2-update.win32_1.5.0.202011040924/tools/bin/../lib/gcc/arm-none-eabi/7.3.1/thumb/v7e-m/fpv5/hard/crti.o
                0x000000000800ff14                _init
 .init          0x000000000800ff18        0x8 e:/programy/stm32cubeide_1.3.0/stm32cubeide/plugins/com.st.stm32cube.ide.mcu.externaltools.gnu-tools-for-stm32.7-2018-q2-update.win32_1.5.0.202011040924/tools/bin/../lib/gcc/arm-none-eabi/7.3.1/thumb/v7e-m/fpv5/hard/crtn.o
 *(.fini)
 .fini          0x000000000800ff20        0x4 e:/programy/stm32cubeide_1.3.0/stm32cubeide/plugins/com.st.stm32cube.ide.mcu.externaltools.gnu-tools-for-stm32.7-2018-q2-update.win32_1.5.0.202011040924/tools/bin/../lib/gcc/arm-none-eabi/7.3.1/thumb/v7e-m/fpv5/hard/crti.o
                0x000000000800ff20                _fini
 .fini          0x000000000800ff24        0x8 e:/programy/stm32cubeide_1.3.0/stm32cubeide/plugins/com.st.stm32cube.ide.mcu.externaltools.gnu-tools-for-stm32.7-2018-q2-update.win32_1.5.0.202011040924/tools/bin/../lib/gcc/arm-none-eabi/7.3.1/thumb/v7e-m/fpv5/hard/crtn.o
                0x000000000800ff2c                . = ALIGN (0x4)
                0x000000000800ff2c                _etext = .

.vfp11_veneer   0x000000000800ff2c        0x0
 .vfp11_veneer  0x000000000800ff2c        0x0 linker stubs

.v4_bx          0x000000000800ff2c        0x0
 .v4_bx         0x000000000800ff2c        0x0 linker stubs

.iplt           0x000000000800ff2c        0x0
 .iplt          0x000000000800ff2c        0x0 e:/programy/stm32cubeide_1.3.0/stm32cubeide/plugins/com.st.stm32cube.ide.mcu.externaltools.gnu-tools-for-stm32.7-2018-q2-update.win32_1.5.0.202011040924/tools/bin/../lib/gcc/arm-none-eabi/7.3.1/thumb/v7e-m/fpv5/hard/crtbegin.o

.rodata         0x000000000800ff2c      0x118
                0x000000000800ff2c                . = ALIGN (0x4)
 *(.rodata)
 .rodata        0x000000000800ff2c       0x59 Core/Src/main.o
 *fill*         0x000000000800ff85        0x3 
 .rodata        0x000000000800ff88       0x10 Drivers/STM32H7xx_HAL_Driver/Src/stm32h7xx_hal_uart_ex.o
 .rodata        0x000000000800ff98       0x46 USB_DEVICE/App/usbd_desc.o
 *(.rodata*)
 *fill*         0x000000000800ffde        0x2 
 .rodata.D1CorePrescTable
                0x000000000800ffe0       0x10 Core/Src/system_stm32h7xx.o
                0x000000000800ffe0                D1CorePrescTable
 .rodata.flagBitshiftOffset.12581
                0x000000000800fff0        0x8 Drivers/STM32H7xx_HAL_Driver/Src/stm32h7xx_hal_dma.o
 .rodata.UARTPrescTable
                0x000000000800fff8       0x18 Drivers/STM32H7xx_HAL_Driver/Src/stm32h7xx_hal_uart.o
                0x000000000800fff8                UARTPrescTable
 .rodata._svfprintf_r.str1.1
                0x0000000008010010       0x11 e:/programy/stm32cubeide_1.3.0/stm32cubeide/plugins/com.st.stm32cube.ide.mcu.externaltools.gnu-tools-for-stm32.7-2018-q2-update.win32_1.5.0.202011040924/tools/bin/../lib/gcc/arm-none-eabi/7.3.1/../../../../arm-none-eabi/lib/thumb/v7e-m/fpv5/hard\libc_nano.a(lib_a-nano-svfprintf.o)
 .rodata._printf_i.str1.1
                0x0000000008010021       0x22 e:/programy/stm32cubeide_1.3.0/stm32cubeide/plugins/com.st.stm32cube.ide.mcu.externaltools.gnu-tools-for-stm32.7-2018-q2-update.win32_1.5.0.202011040924/tools/bin/../lib/gcc/arm-none-eabi/7.3.1/../../../../arm-none-eabi/lib/thumb/v7e-m/fpv5/hard\libc_nano.a(lib_a-nano-vfprintf_i.o)
                0x0000000008010044                . = ALIGN (0x4)
 *fill*         0x0000000008010043        0x1 

.ARM.extab      0x0000000008010044        0x0
                0x0000000008010044                . = ALIGN (0x4)
 *(.ARM.extab* .gnu.linkonce.armextab.*)
                0x0000000008010044                . = ALIGN (0x4)

.ARM            0x0000000008010044        0x8
                0x0000000008010044                . = ALIGN (0x4)
                0x0000000008010044                __exidx_start = .
 *(.ARM.exidx*)
 .ARM.exidx     0x0000000008010044        0x8 e:/programy/stm32cubeide_1.3.0/stm32cubeide/plugins/com.st.stm32cube.ide.mcu.externaltools.gnu-tools-for-stm32.7-2018-q2-update.win32_1.5.0.202011040924/tools/bin/../lib/gcc/arm-none-eabi/7.3.1/thumb/v7e-m/fpv5/hard\libgcc.a(_udivmoddi4.o)
                0x000000000801004c                __exidx_end = .
                0x000000000801004c                . = ALIGN (0x4)

.rel.dyn        0x000000000801004c        0x0
 .rel.iplt      0x000000000801004c        0x0 e:/programy/stm32cubeide_1.3.0/stm32cubeide/plugins/com.st.stm32cube.ide.mcu.externaltools.gnu-tools-for-stm32.7-2018-q2-update.win32_1.5.0.202011040924/tools/bin/../lib/gcc/arm-none-eabi/7.3.1/thumb/v7e-m/fpv5/hard/crtbegin.o

.preinit_array  0x000000000801004c        0x0
                0x000000000801004c                . = ALIGN (0x4)
                0x000000000801004c                PROVIDE (__preinit_array_start = .)
 *(.preinit_array*)
                0x000000000801004c                PROVIDE (__preinit_array_end = .)
                0x000000000801004c                . = ALIGN (0x4)

.init_array     0x000000000801004c        0x4
                0x000000000801004c                . = ALIGN (0x4)
                0x000000000801004c                PROVIDE (__init_array_start = .)
 *(SORT_BY_NAME(.init_array.*))
 *(.init_array*)
 .init_array    0x000000000801004c        0x4 e:/programy/stm32cubeide_1.3.0/stm32cubeide/plugins/com.st.stm32cube.ide.mcu.externaltools.gnu-tools-for-stm32.7-2018-q2-update.win32_1.5.0.202011040924/tools/bin/../lib/gcc/arm-none-eabi/7.3.1/thumb/v7e-m/fpv5/hard/crtbegin.o
                0x0000000008010050                PROVIDE (__init_array_end = .)
                0x0000000008010050                . = ALIGN (0x4)

.fini_array     0x0000000008010050        0x4
                0x0000000008010050                . = ALIGN (0x4)
                [!provide]                        PROVIDE (__fini_array_start = .)
 *(SORT_BY_NAME(.fini_array.*))
 *(.fini_array*)
 .fini_array    0x0000000008010050        0x4 e:/programy/stm32cubeide_1.3.0/stm32cubeide/plugins/com.st.stm32cube.ide.mcu.externaltools.gnu-tools-for-stm32.7-2018-q2-update.win32_1.5.0.202011040924/tools/bin/../lib/gcc/arm-none-eabi/7.3.1/thumb/v7e-m/fpv5/hard/crtbegin.o
                [!provide]                        PROVIDE (__fini_array_end = .)
                0x0000000008010054                . = ALIGN (0x4)
                0x0000000008010054                _sidata = LOADADDR (.data)

.data           0x0000000024000000      0x1f0 load address 0x0000000008010054
                0x0000000024000000                . = ALIGN (0x4)
                0x0000000024000000                _sdata = .
 *(.data)
 *(.data*)
 .data.SystemCoreClock
                0x0000000024000000        0x4 Core/Src/system_stm32h7xx.o
                0x0000000024000000                SystemCoreClock
 .data.SystemD2Clock
                0x0000000024000004        0x4 Core/Src/system_stm32h7xx.o
                0x0000000024000004                SystemD2Clock
 .data.uwTickPrio
                0x0000000024000008        0x4 Drivers/STM32H7xx_HAL_Driver/Src/stm32h7xx_hal.o
                0x0000000024000008                uwTickPrio
 .data.uwTickFreq
                0x000000002400000c        0x1 Drivers/STM32H7xx_HAL_Driver/Src/stm32h7xx_hal.o
                0x000000002400000c                uwTickFreq
 *fill*         0x000000002400000d        0x3 
 .data.USBD_CDC_DeviceQualifierDesc
                0x0000000024000010        0xa Middlewares/ST/STM32_USB_Device_Library/Class/CDC/Src/usbd_cdc.o
 *fill*         0x000000002400001a        0x2 
 .data.USBD_CDC
                0x000000002400001c       0x38 Middlewares/ST/STM32_USB_Device_Library/Class/CDC/Src/usbd_cdc.o
                0x000000002400001c                USBD_CDC
 .data.USBD_CDC_CfgHSDesc
                0x0000000024000054       0x43 Middlewares/ST/STM32_USB_Device_Library/Class/CDC/Src/usbd_cdc.o
 *fill*         0x0000000024000097        0x1 
 .data.USBD_CDC_CfgFSDesc
                0x0000000024000098       0x43 Middlewares/ST/STM32_USB_Device_Library/Class/CDC/Src/usbd_cdc.o
 *fill*         0x00000000240000db        0x1 
 .data.USBD_CDC_OtherSpeedCfgDesc
                0x00000000240000dc       0x43 Middlewares/ST/STM32_USB_Device_Library/Class/CDC/Src/usbd_cdc.o
 *fill*         0x000000002400011f        0x1 
 .data.USBD_Interface_fops_FS
                0x0000000024000120       0x14 USB_DEVICE/App/usbd_cdc_if.o
                0x0000000024000120                USBD_Interface_fops_FS
 .data.lineCoding.14239
                0x0000000024000134        0x7 USB_DEVICE/App/usbd_cdc_if.o
 *fill*         0x000000002400013b        0x1 
 .data.FS_Desc  0x000000002400013c       0x1c USB_DEVICE/App/usbd_desc.o
                0x000000002400013c                FS_Desc
 .data.USBD_FS_DeviceDesc
                0x0000000024000158       0x12 USB_DEVICE/App/usbd_desc.o
                0x0000000024000158                USBD_FS_DeviceDesc
 *fill*         0x000000002400016a        0x2 
 .data.USBD_LangIDDesc
                0x000000002400016c        0x4 USB_DEVICE/App/usbd_desc.o
                0x000000002400016c                USBD_LangIDDesc
 .data.USBD_StringSerial
                0x0000000024000170       0x1a USB_DEVICE/App/usbd_desc.o
                0x0000000024000170                USBD_StringSerial
 *fill*         0x000000002400018a        0x2 
 .data._impure_ptr
                0x000000002400018c        0x4 e:/programy/stm32cubeide_1.3.0/stm32cubeide/plugins/com.st.stm32cube.ide.mcu.externaltools.gnu-tools-for-stm32.7-2018-q2-update.win32_1.5.0.202011040924/tools/bin/../lib/gcc/arm-none-eabi/7.3.1/../../../../arm-none-eabi/lib/thumb/v7e-m/fpv5/hard\libc_nano.a(lib_a-impure.o)
                0x000000002400018c                _impure_ptr
 .data.impure_data
                0x0000000024000190       0x60 e:/programy/stm32cubeide_1.3.0/stm32cubeide/plugins/com.st.stm32cube.ide.mcu.externaltools.gnu-tools-for-stm32.7-2018-q2-update.win32_1.5.0.202011040924/tools/bin/../lib/gcc/arm-none-eabi/7.3.1/../../../../arm-none-eabi/lib/thumb/v7e-m/fpv5/hard\libc_nano.a(lib_a-impure.o)
 *(.RamFunc)
 *(.RamFunc*)
                0x00000000240001f0                . = ALIGN (0x4)
                0x00000000240001f0                _edata = .

.igot.plt       0x00000000240001f0        0x0 load address 0x0000000008010244
 .igot.plt      0x00000000240001f0        0x0 e:/programy/stm32cubeide_1.3.0/stm32cubeide/plugins/com.st.stm32cube.ide.mcu.externaltools.gnu-tools-for-stm32.7-2018-q2-update.win32_1.5.0.202011040924/tools/bin/../lib/gcc/arm-none-eabi/7.3.1/thumb/v7e-m/fpv5/hard/crtbegin.o

.RxDecripSection
                0x00000000240001f0       0x60 load address 0x0000000008010244
 .RxDecripSection
                0x00000000240001f0       0x60 Core/Src/main.o
                0x00000000240001f0                DMARxDscrTab

.TxDecripSection
                0x0000000024000250       0x60 load address 0x00000000080102a4
 .TxDecripSection
                0x0000000024000250       0x60 Core/Src/main.o
                0x0000000024000250                DMATxDscrTab
                0x00000000240002b0                . = ALIGN (0x4)

.bss            0x00000000240002b0     0x3ba4 load address 0x0000000008010304
                0x00000000240002b0                _sbss = .
                0x00000000240002b0                __bss_start__ = _sbss
 *(.bss)
 .bss           0x00000000240002b0       0x1c e:/programy/stm32cubeide_1.3.0/stm32cubeide/plugins/com.st.stm32cube.ide.mcu.externaltools.gnu-tools-for-stm32.7-2018-q2-update.win32_1.5.0.202011040924/tools/bin/../lib/gcc/arm-none-eabi/7.3.1/thumb/v7e-m/fpv5/hard/crtbegin.o
 *(.bss*)
 .bss.time_counter
                0x00000000240002cc        0x4 Core/Src/main.o
                0x00000000240002cc                time_counter
 .bss.conv_cplt
                0x00000000240002d0        0x1 Core/Src/main.o
                0x00000000240002d0                conv_cplt
 *fill*         0x00000000240002d1        0x3 
 .bss.__sbrk_heap_end
                0x00000000240002d4        0x4 Core/Src/sysmem.o
 .bss.cfgidx.14274
                0x00000000240002d8        0x1 Middlewares/ST/STM32_USB_Device_Library/Core/Src/usbd_ctlreq.o
 *fill*         0x00000000240002d9        0x3 
 .bss.__malloc_free_list
                0x00000000240002dc        0x4 e:/programy/stm32cubeide_1.3.0/stm32cubeide/plugins/com.st.stm32cube.ide.mcu.externaltools.gnu-tools-for-stm32.7-2018-q2-update.win32_1.5.0.202011040924/tools/bin/../lib/gcc/arm-none-eabi/7.3.1/../../../../arm-none-eabi/lib/thumb/v7e-m/fpv5/hard\libc_nano.a(lib_a-nano-mallocr.o)
                0x00000000240002dc                __malloc_free_list
 .bss.__malloc_sbrk_start
                0x00000000240002e0        0x4 e:/programy/stm32cubeide_1.3.0/stm32cubeide/plugins/com.st.stm32cube.ide.mcu.externaltools.gnu-tools-for-stm32.7-2018-q2-update.win32_1.5.0.202011040924/tools/bin/../lib/gcc/arm-none-eabi/7.3.1/../../../../arm-none-eabi/lib/thumb/v7e-m/fpv5/hard\libc_nano.a(lib_a-nano-mallocr.o)
                0x00000000240002e0                __malloc_sbrk_start
 *(COMMON)
 COMMON         0x00000000240002e4     0x2290 Core/Src/main.o
                0x00000000240002e4                huart3
                0x0000000024000370                adc_dma_buf
                0x0000000024000384                hadc1
                0x00000000240003e8                hdma_adc1
                0x0000000024000460                hrtc
                0x0000000024000484                heth
                0x00000000240004f4                TxConfig
                0x0000000024000528                htim16
                0x0000000024000574                spectrum_arr
 COMMON         0x0000000024002574        0x4 Drivers/STM32H7xx_HAL_Driver/Src/stm32h7xx_hal.o
                0x0000000024002574                uwTick
 COMMON         0x0000000024002578      0x2d0 USB_DEVICE/App/usb_device.o
                0x0000000024002578                hUsbDeviceFS
 COMMON         0x0000000024002848     0x1000 USB_DEVICE/App/usbd_cdc_if.o
                0x0000000024002848                UserRxBufferFS
                0x0000000024003048                UserTxBufferFS
 COMMON         0x0000000024003848      0x200 USB_DEVICE/App/usbd_desc.o
                0x0000000024003848                USBD_StrDesc
 COMMON         0x0000000024003a48      0x408 USB_DEVICE/Target/usbd_conf.o
                0x0000000024003a48                hpcd_USB_OTG_FS
 COMMON         0x0000000024003e50        0x4 e:/programy/stm32cubeide_1.3.0/stm32cubeide/plugins/com.st.stm32cube.ide.mcu.externaltools.gnu-tools-for-stm32.7-2018-q2-update.win32_1.5.0.202011040924/tools/bin/../lib/gcc/arm-none-eabi/7.3.1/../../../../arm-none-eabi/lib/thumb/v7e-m/fpv5/hard\libc_nano.a(lib_a-reent.o)
                0x0000000024003e50                errno
                0x0000000024003e54                . = ALIGN (0x4)
                0x0000000024003e54                _ebss = .