stm32h7xx_hal_rtc_ex.c:162:19:HAL_RTCEx_SetTimeStamp	32	static
stm32h7xx_hal_rtc_ex.c:221:19:HAL_RTCEx_SetTimeStamp_IT	32	static
stm32h7xx_hal_rtc_ex.c:285:19:HAL_RTCEx_DeactivateTimeStamp	24	static
stm32h7xx_hal_rtc_ex.c:323:19:HAL_RTCEx_SetInternalTimeStamp	16	static
stm32h7xx_hal_rtc_ex.c:353:19:HAL_RTCEx_DeactivateInternalTimeStamp	16	static
stm32h7xx_hal_rtc_ex.c:388:19:HAL_RTCEx_GetTimeStamp	32	static
stm32h7xx_hal_rtc_ex.c:541:19:HAL_RTCEx_SetTamper	24	static
stm32h7xx_hal_rtc_ex.c:777:19:HAL_RTCEx_SetTamper_IT	24	static
stm32h7xx_hal_rtc_ex.c:991:19:HAL_RTCEx_DeactivateTamper	16	static
stm32h7xx_hal_rtc_ex.c:1491:6:HAL_RTCEx_TamperTimeStampIRQHandler	16	static
stm32h7xx_hal_rtc_ex.c:1595:13:HAL_RTCEx_TimeStampEventCallback	16	static
stm32h7xx_hal_rtc_ex.c:1621:13:HAL_RTCEx_Tamper1EventCallback	16	static
stm32h7xx_hal_rtc_ex.c:1638:13:HAL_RTCEx_Tamper2EventCallback	16	static
stm32h7xx_hal_rtc_ex.c:1655:13:HAL_RTCEx_Tamper3EventCallback	16	static
stm32h7xx_hal_rtc_ex.c:1671:13:HAL_RTCEx_InternalTamper1EventCallback	16	static
stm32h7xx_hal_rtc_ex.c:1686:13:HAL_RTCEx_InternalTamper2EventCallback	16	static
stm32h7xx_hal_rtc_ex.c:1701:13:HAL_RTCEx_InternalTamper3EventCallback	16	static
stm32h7xx_hal_rtc_ex.c:1716:13:HAL_RTCEx_InternalTamper4EventCallback	16	static
stm32h7xx_hal_rtc_ex.c:1731:13:HAL_RTCEx_InternalTamper5EventCallback	16	static
stm32h7xx_hal_rtc_ex.c:1746:13:HAL_RTCEx_InternalTamper6EventCallback	16	static
stm32h7xx_hal_rtc_ex.c:1761:13:HAL_RTCEx_InternalTamper8EventCallback	16	static
stm32h7xx_hal_rtc_ex.c:1786:19:HAL_RTCEx_PollForTimeStampEvent	24	static
stm32h7xx_hal_rtc_ex.c:1836:19:HAL_RTCEx_PollForTamper1Event	24	static
stm32h7xx_hal_rtc_ex.c:1870:19:HAL_RTCEx_PollForTamper2Event	24	static
stm32h7xx_hal_rtc_ex.c:1904:19:HAL_RTCEx_PollForTamper3Event	24	static
stm32h7xx_hal_rtc_ex.c:1991:19:HAL_RTCEx_SetWakeUpTimer	32	static
stm32h7xx_hal_rtc_ex.c:2074:19:HAL_RTCEx_SetWakeUpTimer_IT	32	static
stm32h7xx_hal_rtc_ex.c:2176:19:HAL_RTCEx_DeactivateWakeUpTimer	24	static
stm32h7xx_hal_rtc_ex.c:2233:10:HAL_RTCEx_GetWakeUpTimer	16	static
stm32h7xx_hal_rtc_ex.c:2244:6:HAL_RTCEx_WakeUpTimerIRQHandler	16	static
stm32h7xx_hal_rtc_ex.c:2302:13:HAL_RTCEx_WakeUpTimerEventCallback	16	static
stm32h7xx_hal_rtc_ex.c:2319:19:HAL_RTCEx_PollForWakeUpTimerEvent	24	static
stm32h7xx_hal_rtc_ex.c:2378:6:HAL_RTCEx_BKUPWrite	32	static
stm32h7xx_hal_rtc_ex.c:2408:10:HAL_RTCEx_BKUPRead	24	static
stm32h7xx_hal_rtc_ex.c:2480:19:HAL_RTCEx_SetSmoothCalib	32	static
stm32h7xx_hal_rtc_ex.c:2558:19:HAL_RTCEx_SetSynchroShift	32	static
stm32h7xx_hal_rtc_ex.c:2656:19:HAL_RTCEx_SetCalibrationOutPut	16	static
stm32h7xx_hal_rtc_ex.c:2694:19:HAL_RTCEx_DeactivateCalibrationOutPut	16	static
stm32h7xx_hal_rtc_ex.c:2723:19:HAL_RTCEx_SetRefClock	24	static
stm32h7xx_hal_rtc_ex.c:2762:19:HAL_RTCEx_DeactivateRefClock	24	static
stm32h7xx_hal_rtc_ex.c:2806:19:HAL_RTCEx_EnableBypassShadow	16	static
stm32h7xx_hal_rtc_ex.c:2838:19:HAL_RTCEx_DisableBypassShadow	16	static
stm32h7xx_hal_rtc_ex.c:2928:13:HAL_RTCEx_AlarmBEventCallback	16	static
stm32h7xx_hal_rtc_ex.c:2944:19:HAL_RTCEx_PollForAlarmBEvent	24	static
