stm32h7xx_hal_rtc.c:227:19:HAL_RTC_Init	24	static
stm32h7xx_hal_rtc.c:366:19:HAL_RTC_DeInit	24	static
stm32h7xx_hal_rtc.c:786:13:HAL_RTC_MspInit	16	static
stm32h7xx_hal_rtc.c:801:13:HAL_RTC_MspDeInit	16	static
stm32h7xx_hal_rtc.c:839:19:HAL_RTC_SetTime	40	static
stm32h7xx_hal_rtc.c:948:19:HAL_RTC_GetTime	32	static
stm32h7xx_hal_rtc.c:992:19:HAL_RTC_SetDate	40	static
stm32h7xx_hal_rtc.c:1080:19:HAL_RTC_GetDate	32	static
stm32h7xx_hal_rtc.c:1134:19:HAL_RTC_SetAlarm	48	static
stm32h7xx_hal_rtc.c:1328:19:HAL_RTC_SetAlarm_IT	48	static
stm32h7xx_hal_rtc.c:1525:19:HAL_RTC_DeactivateAlarm	24	static
stm32h7xx_hal_rtc.c:1629:19:HAL_RTC_GetAlarm	32	static
stm32h7xx_hal_rtc.c:1690:6:HAL_RTC_AlarmIRQHandler	16	static
stm32h7xx_hal_rtc.c:1787:13:HAL_RTC_AlarmAEventCallback	16	static
stm32h7xx_hal_rtc.c:1803:19:HAL_RTC_PollForAlarmAEvent	24	static
stm32h7xx_hal_rtc.c:1862:19:HAL_RTC_WaitForSynchro	24	static
stm32h7xx_hal_rtc.c:1916:21:HAL_RTC_GetState	16	static
stm32h7xx_hal_rtc.c:1940:19:RTC_EnterInitMode	24	static
stm32h7xx_hal_rtc.c:1990:19:RTC_ExitInitMode	24	static
stm32h7xx_hal_rtc.c:2036:9:RTC_ByteToBcd2	24	static
stm32h7xx_hal_rtc.c:2055:9:RTC_Bcd2ToByte	24	static
