stm32h7xx_hal_rtc_ex.c:163:19:HAL_RTCEx_SetTimeStamp	32	static
stm32h7xx_hal_rtc_ex.c:222:19:HAL_RTCEx_SetTimeStamp_IT	32	static
stm32h7xx_hal_rtc_ex.c:277:19:HAL_RTCEx_DeactivateTimeStamp	24	static
stm32h7xx_hal_rtc_ex.c:315:19:HAL_RTCEx_SetInternalTimeStamp	16	static
stm32h7xx_hal_rtc_ex.c:345:19:HAL_RTCEx_DeactivateInternalTimeStamp	16	static
stm32h7xx_hal_rtc_ex.c:380:19:HAL_RTCEx_GetTimeStamp	32	static
stm32h7xx_hal_rtc_ex.c:533:19:HAL_RTCEx_SetTamper	24	static
stm32h7xx_hal_rtc_ex.c:769:19:HAL_RTCEx_SetTamper_IT	24	static
stm32h7xx_hal_rtc_ex.c:974:19:HAL_RTCEx_DeactivateTamper	16	static
stm32h7xx_hal_rtc_ex.c:1474:6:HAL_RTCEx_TamperTimeStampIRQHandler	16	static
stm32h7xx_hal_rtc_ex.c:1578:13:HAL_RTCEx_TimeStampEventCallback	16	static
stm32h7xx_hal_rtc_ex.c:1604:13:HAL_RTCEx_Tamper1EventCallback	16	static
stm32h7xx_hal_rtc_ex.c:1621:13:HAL_RTCEx_Tamper2EventCallback	16	static
stm32h7xx_hal_rtc_ex.c:1638:13:HAL_RTCEx_Tamper3EventCallback	16	static
stm32h7xx_hal_rtc_ex.c:1654:13:HAL_RTCEx_InternalTamper1EventCallback	16	static
stm32h7xx_hal_rtc_ex.c:1669:13:HAL_RTCEx_InternalTamper2EventCallback	16	static
stm32h7xx_hal_rtc_ex.c:1684:13:HAL_RTCEx_InternalTamper3EventCallback	16	static
stm32h7xx_hal_rtc_ex.c:1699:13:HAL_RTCEx_InternalTamper4EventCallback	16	static
stm32h7xx_hal_rtc_ex.c:1714:13:HAL_RTCEx_InternalTamper5EventCallback	16	static
stm32h7xx_hal_rtc_ex.c:1729:13:HAL_RTCEx_InternalTamper6EventCallback	16	static
stm32h7xx_hal_rtc_ex.c:1744:13:HAL_RTCEx_InternalTamper8EventCallback	16	static
stm32h7xx_hal_rtc_ex.c:1769:19:HAL_RTCEx_PollForTimeStampEvent	24	static
stm32h7xx_hal_rtc_ex.c:1819:19:HAL_RTCEx_PollForTamper1Event	24	static
stm32h7xx_hal_rtc_ex.c:1853:19:HAL_RTCEx_PollForTamper2Event	24	static
stm32h7xx_hal_rtc_ex.c:1887:19:HAL_RTCEx_PollForTamper3Event	24	static
stm32h7xx_hal_rtc_ex.c:1974:19:HAL_RTCEx_SetWakeUpTimer	32	static
stm32h7xx_hal_rtc_ex.c:2057:19:HAL_RTCEx_SetWakeUpTimer_IT	32	static
stm32h7xx_hal_rtc_ex.c:2150:19:HAL_RTCEx_DeactivateWakeUpTimer	24	static
stm32h7xx_hal_rtc_ex.c:2207:10:HAL_RTCEx_GetWakeUpTimer	16	static
stm32h7xx_hal_rtc_ex.c:2218:6:HAL_RTCEx_WakeUpTimerIRQHandler	16	static
stm32h7xx_hal_rtc_ex.c:2276:13:HAL_RTCEx_WakeUpTimerEventCallback	16	static
stm32h7xx_hal_rtc_ex.c:2293:19:HAL_RTCEx_PollForWakeUpTimerEvent	24	static
stm32h7xx_hal_rtc_ex.c:2352:6:HAL_RTCEx_BKUPWrite	32	static
stm32h7xx_hal_rtc_ex.c:2382:10:HAL_RTCEx_BKUPRead	24	static
stm32h7xx_hal_rtc_ex.c:2454:19:HAL_RTCEx_SetSmoothCalib	32	static
stm32h7xx_hal_rtc_ex.c:2532:19:HAL_RTCEx_SetSynchroShift	32	static
stm32h7xx_hal_rtc_ex.c:2630:19:HAL_RTCEx_SetCalibrationOutPut	16	static
stm32h7xx_hal_rtc_ex.c:2668:19:HAL_RTCEx_DeactivateCalibrationOutPut	16	static
stm32h7xx_hal_rtc_ex.c:2697:19:HAL_RTCEx_SetRefClock	24	static
stm32h7xx_hal_rtc_ex.c:2736:19:HAL_RTCEx_DeactivateRefClock	24	static
stm32h7xx_hal_rtc_ex.c:2780:19:HAL_RTCEx_EnableBypassShadow	16	static
stm32h7xx_hal_rtc_ex.c:2812:19:HAL_RTCEx_DisableBypassShadow	16	static
stm32h7xx_hal_rtc_ex.c:2902:13:HAL_RTCEx_AlarmBEventCallback	16	static
stm32h7xx_hal_rtc_ex.c:2918:19:HAL_RTCEx_PollForAlarmBEvent	24	static
