main.c:118:5:main	48	static
main.c:192:6:SystemClock_Config	312	static
main.c:276:13:MX_ADC1_Init	48	static
main.c:341:13:MX_ETH_Init	8	static
main.c:387:13:MX_RTC_Init	8	static
main.c:422:13:MX_TIM16_Init	8	static
main.c:454:13:MX_USART3_UART_Init	8	static
main.c:500:13:MX_DMA_Init	16	static
main.c:518:13:MX_GPIO_Init	64	static
main.c:607:6:HAL_TIM_PeriodElapsedCallback	48	static
main.c:620:6:HAL_ADC_ConvCpltCallback	200	static
main.c:629:6:HAL_GPIO_EXTI_Callback	16	static
main.c:660:6:Error_Handler	4	static,ignoring_inline_asm
